This is XeTeX, Version 3.141592653-2.6-0.999996 (TeX Live 2024) (preloaded format=xelatex 2024.10.25)  25 OCT 2024 09:13
entering extended mode
 restricted \write18 enabled.
 %&-line parsing enabled.
**統計諮詢hw4.tex
(./統計諮詢hw4.tex
LaTeX2e <2024-06-01> patch level 2
L3 programming layer <2024-10-09>
(c:/ProgramData/TinyTeX/texmf-dist/tex/latex/base/article.cls
Document Class: article 2024/02/08 v1.4n Standard LaTeX document class
(c:/ProgramData/TinyTeX/texmf-dist/tex/latex/base/size10.clo
File: size10.clo 2024/02/08 v1.4n Standard LaTeX file (size option)
)
\c@part=\count190
\c@section=\count191
\c@subsection=\count192
\c@subsubsection=\count193
\c@paragraph=\count194
\c@subparagraph=\count195
\c@figure=\count196
\c@table=\count197
\abovecaptionskip=\skip49
\belowcaptionskip=\skip50
\bibindent=\dimen141
) (c:/ProgramData/TinyTeX/texmf-dist/tex/latex/amsmath/amsmath.sty
Package: amsmath 2024/05/23 v2.17q AMS math features
\@mathmargin=\skip51
For additional information on amsmath, use the `?' option.
(c:/ProgramData/TinyTeX/texmf-dist/tex/latex/amsmath/amstext.sty
Package: amstext 2021/08/26 v2.01 AMS text
(c:/ProgramData/TinyTeX/texmf-dist/tex/latex/amsmath/amsgen.sty
File: amsgen.sty 1999/11/30 v2.0 generic functions
\@emptytoks=\toks17
\ex@=\dimen142
)) (c:/ProgramData/TinyTeX/texmf-dist/tex/latex/amsmath/amsbsy.sty
Package: amsbsy 1999/11/29 v1.2d Bold Symbols
\pmbraise@=\dimen143
) (c:/ProgramData/TinyTeX/texmf-dist/tex/latex/amsmath/amsopn.sty
Package: amsopn 2022/04/08 v2.04 operator names
)
\inf@bad=\count198
LaTeX Info: Redefining \frac on input line 233.
\uproot@=\count199
\leftroot@=\count266
LaTeX Info: Redefining \overline on input line 398.
LaTeX Info: Redefining \colon on input line 409.
\classnum@=\count267
\DOTSCASE@=\count268
LaTeX Info: Redefining \ldots on input line 495.
LaTeX Info: Redefining \dots on input line 498.
LaTeX Info: Redefining \cdots on input line 619.
\Mathstrutbox@=\box52
\strutbox@=\box53
LaTeX Info: Redefining \big on input line 721.
LaTeX Info: Redefining \Big on input line 722.
LaTeX Info: Redefining \bigg on input line 723.
LaTeX Info: Redefining \Bigg on input line 724.
\big@size=\dimen144
LaTeX Font Info:    Redeclaring font encoding OML on input line 742.
LaTeX Font Info:    Redeclaring font encoding OMS on input line 743.
\macc@depth=\count269
LaTeX Info: Redefining \bmod on input line 904.
LaTeX Info: Redefining \pmod on input line 909.
LaTeX Info: Redefining \smash on input line 939.
LaTeX Info: Redefining \relbar on input line 969.
LaTeX Info: Redefining \Relbar on input line 970.
\c@MaxMatrixCols=\count270
\dotsspace@=\muskip17
\c@parentequation=\count271
\dspbrk@lvl=\count272
\tag@help=\toks18
\row@=\count273
\column@=\count274
\maxfields@=\count275
\andhelp@=\toks19
\eqnshift@=\dimen145
\alignsep@=\dimen146
\tagshift@=\dimen147
\tagwidth@=\dimen148
\totwidth@=\dimen149
\lineht@=\dimen150
\@envbody=\toks20
\multlinegap=\skip52
\multlinetaggap=\skip53
\mathdisplay@stack=\toks21
LaTeX Info: Redefining \[ on input line 2953.
LaTeX Info: Redefining \] on input line 2954.
) (c:/ProgramData/TinyTeX/texmf-dist/tex/latex/amsfonts/amssymb.sty
Package: amssymb 2013/01/14 v3.01 AMS font symbols
(c:/ProgramData/TinyTeX/texmf-dist/tex/latex/amsfonts/amsfonts.sty
Package: amsfonts 2013/01/14 v3.01 Basic AMSFonts support
\symAMSa=\mathgroup4
\symAMSb=\mathgroup5
LaTeX Font Info:    Redeclaring math symbol \hbar on input line 98.
LaTeX Font Info:    Overwriting math alphabet `\mathfrak' in version `bold'
(Font)                  U/euf/m/n --> U/euf/b/n on input line 106.
)) (c:/ProgramData/TinyTeX/texmf-dist/tex/generic/iftex/iftex.sty
Package: iftex 2022/02/03 v1.0f TeX engine tests
) (c:/ProgramData/TinyTeX/texmf-dist/tex/latex/unicode-math/unicode-math.sty (c:/ProgramData/TinyTeX/texmf-dist/tex/latex/l3kernel/expl3.sty
Package: expl3 2024-10-09 L3 programming layer (loader) 
(c:/ProgramData/TinyTeX/texmf-dist/tex/latex/l3backend/l3backend-xetex.def
File: l3backend-xetex.def 2024-05-08 L3 backend support: XeTeX
\g__graphics_track_int=\count276
\l__pdf_internal_box=\box54
\g__pdf_backend_annotation_int=\count277
\g__pdf_backend_link_int=\count278
))
Package: unicode-math 2023/08/13 v0.8r Unicode maths in XeLaTeX and LuaLaTeX
(c:/ProgramData/TinyTeX/texmf-dist/tex/latex/unicode-math/unicode-math-xetex.sty
Package: unicode-math-xetex 2023/08/13 v0.8r Unicode maths in XeLaTeX and LuaLaTeX
(c:/ProgramData/TinyTeX/texmf-dist/tex/latex/l3packages/xparse/xparse.sty
Package: xparse 2024-08-16 L3 Experimental document command parser
) (c:/ProgramData/TinyTeX/texmf-dist/tex/latex/l3packages/l3keys2e/l3keys2e.sty
Package: l3keys2e 2024-08-16 LaTeX2e option processing using LaTeX3 keys
) (c:/ProgramData/TinyTeX/texmf-dist/tex/latex/fontspec/fontspec.sty
Package: fontspec 2024/05/11 v2.9e Font selection for XeLaTeX and LuaLaTeX
(c:/ProgramData/TinyTeX/texmf-dist/tex/latex/fontspec/fontspec-xetex.sty
Package: fontspec-xetex 2024/05/11 v2.9e Font selection for XeLaTeX and LuaLaTeX
\l__fontspec_script_int=\count279
\l__fontspec_language_int=\count280
\l__fontspec_strnum_int=\count281
\l__fontspec_tmp_int=\count282
\l__fontspec_tmpa_int=\count283
\l__fontspec_tmpb_int=\count284
\l__fontspec_tmpc_int=\count285
\l__fontspec_em_int=\count286
\l__fontspec_emdef_int=\count287
\l__fontspec_strong_int=\count288
\l__fontspec_strongdef_int=\count289
\l__fontspec_tmpa_dim=\dimen151
\l__fontspec_tmpb_dim=\dimen152
\l__fontspec_tmpc_dim=\dimen153
(c:/ProgramData/TinyTeX/texmf-dist/tex/latex/base/fontenc.sty
Package: fontenc 2021/04/29 v2.0v Standard LaTeX package
) (c:/ProgramData/TinyTeX/texmf-dist/tex/latex/fontspec/fontspec.cfg))) (c:/ProgramData/TinyTeX/texmf-dist/tex/latex/base/fix-cm.sty
Package: fix-cm 2020/11/24 v1.1t fixes to LaTeX
(c:/ProgramData/TinyTeX/texmf-dist/tex/latex/base/ts1enc.def
File: ts1enc.def 2001/06/05 v3.0e (jk/car/fm) Standard LaTeX file
LaTeX Font Info:    Redeclaring font encoding TS1 on input line 47.
))
\g__um_fam_int=\count290
\g__um_fonts_used_int=\count291
\l__um_primecount_int=\count292
\g__um_primekern_muskip=\muskip18
(c:/ProgramData/TinyTeX/texmf-dist/tex/latex/unicode-math/unicode-math-table.tex))) (c:/ProgramData/TinyTeX/texmf-dist/tex/latex/lm/lmodern.sty
Package: lmodern 2015/05/01 v1.6.1 Latin Modern Fonts
LaTeX Font Info:    Overwriting symbol font `operators' in version `normal'
(Font)                  OT1/cmr/m/n --> OT1/lmr/m/n on input line 22.
LaTeX Font Info:    Overwriting symbol font `letters' in version `normal'
(Font)                  OML/cmm/m/it --> OML/lmm/m/it on input line 23.
LaTeX Font Info:    Overwriting symbol font `symbols' in version `normal'
(Font)                  OMS/cmsy/m/n --> OMS/lmsy/m/n on input line 24.
LaTeX Font Info:    Overwriting symbol font `largesymbols' in version `normal'
(Font)                  OMX/cmex/m/n --> OMX/lmex/m/n on input line 25.
LaTeX Font Info:    Overwriting symbol font `operators' in version `bold'
(Font)                  OT1/cmr/bx/n --> OT1/lmr/bx/n on input line 26.
LaTeX Font Info:    Overwriting symbol font `letters' in version `bold'
(Font)                  OML/cmm/b/it --> OML/lmm/b/it on input line 27.
LaTeX Font Info:    Overwriting symbol font `symbols' in version `bold'
(Font)                  OMS/cmsy/b/n --> OMS/lmsy/b/n on input line 28.
LaTeX Font Info:    Overwriting symbol font `largesymbols' in version `bold'
(Font)                  OMX/cmex/m/n --> OMX/lmex/m/n on input line 29.
LaTeX Font Info:    Overwriting math alphabet `\mathbf' in version `normal'
(Font)                  OT1/cmr/bx/n --> OT1/lmr/bx/n on input line 31.
LaTeX Font Info:    Overwriting math alphabet `\mathsf' in version `normal'
(Font)                  OT1/cmss/m/n --> OT1/lmss/m/n on input line 32.
LaTeX Font Info:    Overwriting math alphabet `\mathit' in version `normal'
(Font)                  OT1/cmr/m/it --> OT1/lmr/m/it on input line 33.
LaTeX Font Info:    Overwriting math alphabet `\mathtt' in version `normal'
(Font)                  OT1/cmtt/m/n --> OT1/lmtt/m/n on input line 34.
LaTeX Font Info:    Overwriting math alphabet `\mathbf' in version `bold'
(Font)                  OT1/cmr/bx/n --> OT1/lmr/bx/n on input line 35.
LaTeX Font Info:    Overwriting math alphabet `\mathsf' in version `bold'
(Font)                  OT1/cmss/bx/n --> OT1/lmss/bx/n on input line 36.
LaTeX Font Info:    Overwriting math alphabet `\mathit' in version `bold'
(Font)                  OT1/cmr/bx/it --> OT1/lmr/bx/it on input line 37.
LaTeX Font Info:    Overwriting math alphabet `\mathtt' in version `bold'
(Font)                  OT1/cmtt/m/n --> OT1/lmtt/m/n on input line 38.
)

Package fontspec Info: 
(fontspec)             Microsoft JhengHei UI scale = 0.7980877088389783.


Package fontspec Info: 
(fontspec)             Microsoft JhengHei UI scale = 1.


Package fontspec Info: 
(fontspec)             Could not resolve font "Microsoft JhengHei UI/I" (it
(fontspec)             probably doesn't exist).


Package fontspec Info: 
(fontspec)             Microsoft JhengHei UI scale = 0.7980877088389783.


Package fontspec Info: 
(fontspec)             Microsoft JhengHei UI scale = 1.


Package fontspec Info: 
(fontspec)             Microsoft JhengHei UI/B scale = 0.7980877088389783.


Package fontspec Info: 
(fontspec)             Microsoft JhengHei UI/B scale = 1.


Package fontspec Info: 
(fontspec)             Microsoft JhengHei UI/BI scale = 0.7980877088389783.


Package fontspec Info: 
(fontspec)             Microsoft JhengHei UI/BI scale = 1.


Package fontspec Info: 
(fontspec)             Font family 'MicrosoftJhengHeiUI(0)' created for font
(fontspec)             'Microsoft JhengHei UI' with options
(fontspec)             [Scale=MatchLowercase,Ligatures=TeX,Scale=1].
(fontspec)              
(fontspec)              This font family consists of the following NFSS
(fontspec)             series/shapes:
(fontspec)              
(fontspec)             - 'normal' (m/n) with NFSS spec.: <->s*[1]"Microsoft
(fontspec)             JhengHei
(fontspec)             UI/OT:script=latn;language=dflt;mapping=tex-text;"
(fontspec)             - 'bold' (b/n) with NFSS spec.: <->s*[1]"Microsoft
(fontspec)             JhengHei
(fontspec)             UI/B/OT:script=latn;language=dflt;mapping=tex-text;"
(fontspec)             - 'bold italic' (b/it) with NFSS spec.:
(fontspec)             <->s*[1]"Microsoft JhengHei
(fontspec)             UI/BI/OT:script=latn;language=dflt;mapping=tex-text;"

LaTeX Font Info:    Font shape `TU/MicrosoftJhengHeiUI(0)/m/n' will be
(Font)              scaled to size 10.0pt on input line 24.

Package fontspec Info: 
(fontspec)             Microsoft JhengHei UI scale = 0.999997174510696.


Package fontspec Info: 
(fontspec)             Could not resolve font "Microsoft JhengHei UI/I" (it
(fontspec)             probably doesn't exist).


Package fontspec Info: 
(fontspec)             Microsoft JhengHei UI scale = 0.999997174510696.


Package fontspec Info: 
(fontspec)             Microsoft JhengHei UI/B scale = 0.999997174510696.


Package fontspec Info: 
(fontspec)             Microsoft JhengHei UI/BI scale = 0.999997174510696.


Package fontspec Info: 
(fontspec)             Font family 'MicrosoftJhengHeiUI(1)' created for font
(fontspec)             'Microsoft JhengHei UI' with options
(fontspec)             [Scale=MatchLowercase].
(fontspec)              
(fontspec)              This font family consists of the following NFSS
(fontspec)             series/shapes:
(fontspec)              
(fontspec)             - 'normal' (m/n) with NFSS spec.:
(fontspec)             <->s*[0.999997174510696]"Microsoft JhengHei
(fontspec)             UI/OT:script=latn;language=dflt;"
(fontspec)             - 'bold' (b/n) with NFSS spec.:
(fontspec)             <->s*[0.999997174510696]"Microsoft JhengHei
(fontspec)             UI/B/OT:script=latn;language=dflt;"
(fontspec)             - 'bold italic' (b/it) with NFSS spec.:
(fontspec)             <->s*[0.999997174510696]"Microsoft JhengHei
(fontspec)             UI/BI/OT:script=latn;language=dflt;"

LaTeX Font Info:    Overwriting math alphabet `\mathrm' in version `normal'
(Font)                  OT1/lmr/m/n --> TU/MicrosoftJhengHeiUI(1)/m/n on input line 24.
LaTeX Font Info:    Overwriting math alphabet `\mathit' in version `normal'
(Font)                  OT1/lmr/m/it --> TU/MicrosoftJhengHeiUI(1)/m/it on input line 24.
LaTeX Font Info:    Overwriting math alphabet `\mathbf' in version `normal'
(Font)                  OT1/lmr/bx/n --> TU/MicrosoftJhengHeiUI(1)/b/n on input line 24.
(c:/ProgramData/TinyTeX/texmf-dist/tex/latex/upquote/upquote.sty
Package: upquote 2012/04/19 v1.3 upright-quote and grave-accent glyphs in verbatim
(c:/ProgramData/TinyTeX/texmf-dist/tex/latex/base/textcomp.sty
Package: textcomp 2024/04/24 v2.1b Standard LaTeX package
)) (c:/ProgramData/TinyTeX/texmf-dist/tex/latex/microtype/microtype.sty
Package: microtype 2024/03/29 v3.1b Micro-typographical refinements (RS)
(c:/ProgramData/TinyTeX/texmf-dist/tex/latex/graphics/keyval.sty
Package: keyval 2022/05/29 v1.15 key=value parser (DPC)
\KV@toks@=\toks22
) (c:/ProgramData/TinyTeX/texmf-dist/tex/latex/etoolbox/etoolbox.sty
Package: etoolbox 2020/10/05 v2.5k e-TeX tools for LaTeX (JAW)
\etb@tempcnta=\count293
)
\MT@toks=\toks23
\MT@tempbox=\box55
\MT@count=\count294
LaTeX Info: Redefining \noprotrusionifhmode on input line 1061.
LaTeX Info: Redefining \leftprotrusion on input line 1062.
\MT@prot@toks=\toks24
LaTeX Info: Redefining \rightprotrusion on input line 1081.
LaTeX Info: Redefining \textls on input line 1392.
\MT@outer@kern=\dimen154
LaTeX Info: Redefining \textmicrotypecontext on input line 2013.
\MT@listname@count=\count295
(c:/ProgramData/TinyTeX/texmf-dist/tex/latex/microtype/microtype-xetex.def
File: microtype-xetex.def 2024/03/29 v3.1b Definitions specific to xetex (RS)
LaTeX Info: Redefining \lsstyle on input line 238.
)
Package microtype Info: Loading configuration file microtype.cfg.
(c:/ProgramData/TinyTeX/texmf-dist/tex/latex/microtype/microtype.cfg
File: microtype.cfg 2024/03/29 v3.1b microtype main configuration file (RS)
)) (c:/ProgramData/TinyTeX/texmf-dist/tex/latex/parskip/parskip.sty
Package: parskip 2021-03-14 v2.0h non-zero parskip adjustments
(c:/ProgramData/TinyTeX/texmf-dist/tex/latex/kvoptions/kvoptions.sty
Package: kvoptions 2022-06-15 v3.15 Key value format for package options (HO)
(c:/ProgramData/TinyTeX/texmf-dist/tex/generic/ltxcmds/ltxcmds.sty
Package: ltxcmds 2023-12-04 v1.26 LaTeX kernel commands for general use (HO)
) (c:/ProgramData/TinyTeX/texmf-dist/tex/latex/kvsetkeys/kvsetkeys.sty
Package: kvsetkeys 2022-10-05 v1.19 Key value parser (HO)
))) (c:/ProgramData/TinyTeX/texmf-dist/tex/latex/xcolor/xcolor.sty
Package: xcolor 2024/09/29 v3.02 LaTeX color extensions (UK)
(c:/ProgramData/TinyTeX/texmf-dist/tex/latex/graphics-cfg/color.cfg
File: color.cfg 2016/01/02 v1.6 sample color configuration
)
Package xcolor Info: Driver file: xetex.def on input line 274.
(c:/ProgramData/TinyTeX/texmf-dist/tex/latex/graphics-def/xetex.def
File: xetex.def 2022/09/22 v5.0n Graphics/color driver for xetex
) (c:/ProgramData/TinyTeX/texmf-dist/tex/latex/graphics/mathcolor.ltx)
Package xcolor Info: Model `cmy' substituted by `cmy0' on input line 1349.
Package xcolor Info: Model `RGB' extended on input line 1365.
Package xcolor Info: Model `HTML' substituted by `rgb' on input line 1367.
Package xcolor Info: Model `Hsb' substituted by `hsb' on input line 1368.
Package xcolor Info: Model `tHsb' substituted by `hsb' on input line 1369.
Package xcolor Info: Model `HSB' substituted by `hsb' on input line 1370.
Package xcolor Info: Model `Gray' substituted by `gray' on input line 1371.
Package xcolor Info: Model `wave' substituted by `hsb' on input line 1372.
) (c:/ProgramData/TinyTeX/texmf-dist/tex/latex/graphics/dvipsnam.def
File: dvipsnam.def 2016/06/17 v3.0m Driver-dependent file (DPC,SPQR)
) (c:/ProgramData/TinyTeX/texmf-dist/tex/latex/xcolor/svgnam.def
File: svgnam.def 2024/09/29 v3.02 Predefined colors according to SVG 1.1 (UK)
) (c:/ProgramData/TinyTeX/texmf-dist/tex/latex/xcolor/x11nam.def
File: x11nam.def 2024/09/29 v3.02 Predefined colors according to Unix/X11 (UK)
) (c:/ProgramData/TinyTeX/texmf-dist/tex/latex/fancyvrb/fancyvrb.sty
Package: fancyvrb 2024/01/20 4.5c verbatim text (tvz,hv)
\FV@CodeLineNo=\count296
\FV@InFile=\read2
\FV@TabBox=\box56
\c@FancyVerbLine=\count297
\FV@StepNumber=\count298
\FV@OutFile=\write3
) (c:/ProgramData/TinyTeX/texmf-dist/tex/latex/framed/framed.sty
Package: framed 2011/10/22 v 0.96: framed or shaded text with page breaks
\OuterFrameSep=\skip54
\fb@frw=\dimen155
\fb@frh=\dimen156
\FrameRule=\dimen157
\FrameSep=\dimen158
) (c:/ProgramData/TinyTeX/texmf-dist/tex/latex/tools/longtable.sty
Package: longtable 2024-04-26 v4.20 Multi-page Table package (DPC)
\LTleft=\skip55
\LTright=\skip56
\LTpre=\skip57
\LTpost=\skip58
\LTchunksize=\count299
\LTcapwidth=\dimen159
\LT@head=\box57
\LT@firsthead=\box58
\LT@foot=\box59
\LT@lastfoot=\box60
\LT@gbox=\box61
\LT@cols=\count300
\LT@rows=\count301
\c@LT@tables=\count302
\c@LT@chunks=\count303
\LT@p@ftn=\toks25
) (c:/ProgramData/TinyTeX/texmf-dist/tex/latex/booktabs/booktabs.sty
Package: booktabs 2020/01/12 v1.61803398 Publication quality tables
\heavyrulewidth=\dimen160
\lightrulewidth=\dimen161
\cmidrulewidth=\dimen162
\belowrulesep=\dimen163
\belowbottomsep=\dimen164
\aboverulesep=\dimen165
\abovetopsep=\dimen166
\cmidrulesep=\dimen167
\cmidrulekern=\dimen168
\defaultaddspace=\dimen169
\@cmidla=\count304
\@cmidlb=\count305
\@aboverulesep=\dimen170
\@belowrulesep=\dimen171
\@thisruleclass=\count306
\@lastruleclass=\count307
\@thisrulewidth=\dimen172
) (c:/ProgramData/TinyTeX/texmf-dist/tex/latex/tools/array.sty
Package: array 2024/06/14 v2.6d Tabular extension package (FMi)
\col@sep=\dimen173
\ar@mcellbox=\box62
\extrarowheight=\dimen174
\NC@list=\toks26
\extratabsurround=\skip59
\backup@length=\skip60
\ar@cellbox=\box63
) (c:/ProgramData/TinyTeX/texmf-dist/tex/latex/tools/calc.sty
Package: calc 2023/07/08 v4.3 Infix arithmetic (KKT,FJ)
\calc@Acount=\count308
\calc@Bcount=\count309
\calc@Adimen=\dimen175
\calc@Bdimen=\dimen176
\calc@Askip=\skip61
\calc@Bskip=\skip62
LaTeX Info: Redefining \setlength on input line 80.
LaTeX Info: Redefining \addtolength on input line 81.
\calc@Ccount=\count310
\calc@Cskip=\skip63
) (c:/ProgramData/TinyTeX/texmf-dist/tex/latex/mdwtools/footnote.sty
Package: footnote 1997/01/28 1.13 Save footnotes around boxes
\fn@notes=\box64
\fn@width=\dimen177
) (c:/ProgramData/TinyTeX/texmf-dist/tex/latex/graphics/graphicx.sty
Package: graphicx 2021/09/16 v1.2d Enhanced LaTeX Graphics (DPC,SPQR)
(c:/ProgramData/TinyTeX/texmf-dist/tex/latex/graphics/graphics.sty
Package: graphics 2024/05/23 v1.4g Standard LaTeX Graphics (DPC,SPQR)
(c:/ProgramData/TinyTeX/texmf-dist/tex/latex/graphics/trig.sty
Package: trig 2023/12/02 v1.11 sin cos tan (DPC)
) (c:/ProgramData/TinyTeX/texmf-dist/tex/latex/graphics-cfg/graphics.cfg
File: graphics.cfg 2016/06/04 v1.11 sample graphics configuration
)
Package graphics Info: Driver file: xetex.def on input line 106.
)
\Gin@req@height=\dimen178
\Gin@req@width=\dimen179
) (c:/ProgramData/TinyTeX/texmf-dist/tex/latex/setspace/setspace.sty
Package: setspace 2022/12/04 v6.7b set line spacing
) (c:/ProgramData/TinyTeX/texmf-dist/tex/latex/relsize/relsize.sty
Package: relsize 2013/03/29 ver 4.1
) (c:/ProgramData/TinyTeX/texmf-dist/tex/latex/geometry/geometry.sty
Package: geometry 2020/01/02 v5.9 Page Geometry
(c:/ProgramData/TinyTeX/texmf-dist/tex/generic/iftex/ifvtex.sty
Package: ifvtex 2019/10/25 v1.7 ifvtex legacy package. Use iftex instead.
)
\Gm@cnth=\count311
\Gm@cntv=\count312
\c@Gm@tempcnt=\count313
\Gm@bindingoffset=\dimen180
\Gm@wd@mp=\dimen181
\Gm@odd@mp=\dimen182
\Gm@even@mp=\dimen183
\Gm@layoutwidth=\dimen184
\Gm@layoutheight=\dimen185
\Gm@layouthoffset=\dimen186
\Gm@layoutvoffset=\dimen187
\Gm@dimlist=\toks27
) (c:/ProgramData/TinyTeX/texmf-dist/tex/latex/caption/caption.sty
Package: caption 2023/08/05 v3.6o Customizing captions (AR)
(c:/ProgramData/TinyTeX/texmf-dist/tex/latex/caption/caption3.sty
Package: caption3 2023/07/31 v2.4d caption3 kernel (AR)
\caption@tempdima=\dimen188
\captionmargin=\dimen189
\caption@leftmargin=\dimen190
\caption@rightmargin=\dimen191
\caption@width=\dimen192
\caption@indent=\dimen193
\caption@parindent=\dimen194
\caption@hangindent=\dimen195
Package caption Info: Standard document class detected.
)
\c@caption@flags=\count314
\c@continuedfloat=\count315
Package caption Info: longtable package is loaded.
(c:/ProgramData/TinyTeX/texmf-dist/tex/latex/caption/ltcaption.sty
Package: ltcaption 2021/01/08 v1.4c longtable captions (AR)
)) (c:/ProgramData/TinyTeX/texmf-dist/tex/latex/float/float.sty
Package: float 2001/11/08 v1.3d Float enhancements (AL)
\c@float@type=\count316
\float@exts=\toks28
\float@box=\box65
\@float@everytoks=\toks29
\@floatcapt=\box66
)
\@float@every@codelisting=\toks30
\c@codelisting=\count317
(c:/ProgramData/TinyTeX/texmf-dist/tex/latex/caption/subcaption.sty
Package: subcaption 2023/07/28 v1.6b Sub-captions (AR)
Package caption Info: New subtype `subfigure' on input line 238.
\c@subfigure=\count318
Package caption Info: New subtype `subtable' on input line 238.
\c@subtable=\count319
) (c:/ProgramData/TinyTeX/texmf-dist/tex/generic/babel/babel.sty
Package: babel 2024/10/20 v24.12 The multilingual framework for pdfLaTeX, LuaLaTeX and XeLaTeX
\babel@savecnt=\count320
\U@D=\dimen196
\l@unhyphenated=\language9
(c:/ProgramData/TinyTeX/texmf-dist/tex/generic/babel/xebabel.def)
\bbl@readstream=\read3
\bbl@dirlevel=\count321
Package babel Info: You haven't specified a language as a class or package
(babel)             option. I'll load 'nil'. Reported on input line 4185.
(c:/ProgramData/TinyTeX/texmf-dist/tex/generic/babel/nil.ldf
Language: nil 2024/10/20 v24.12 Nil language
\l@nil=\language10
)) (c:/ProgramData/TinyTeX/texmf-dist/tex/generic/babel/locale/zh/babel-chinese.tex)
Package babel Info: Importing data for chinese
(babel)             from babel-zh.ini. Reported on input line 184.
Package babel Info: Hyphen rules for 'chinese' set to \l@nil
(babel)             (\language10). Reported on input line 184.
(c:/ProgramData/TinyTeX/texmf-dist/tex/generic/babel/locale/zh/babel-chinese.tex) (c:/ProgramData/TinyTeX/texmf-dist/tex/generic/babel/babel-ca-chinese.tex)

Package fontspec Info: 
(fontspec)             Language 'Chinese Simplified' not explicitly supported
(fontspec)             within font 'Microsoft JhengHei UI' with script 'CJK'.
(fontspec)             Check the typeset output, and if it is okay then ignore
(fontspec)             this warning. Otherwise a different font should be
(fontspec)             chosen.


Package fontspec Info: 
(fontspec)             Microsoft JhengHei UI scale = 0.999997174510696.


Package fontspec Info: 
(fontspec)             Microsoft JhengHei UI scale = 1.


Package fontspec Info: 
(fontspec)             Could not resolve font "Microsoft JhengHei UI/I" (it
(fontspec)             probably doesn't exist).


Package fontspec Info: 
(fontspec)             Microsoft JhengHei UI scale = 0.999997174510696.


Package fontspec Info: 
(fontspec)             Microsoft JhengHei UI scale = 1.


Package fontspec Info: 
(fontspec)             Microsoft JhengHei UI/B scale = 0.999997174510696.


Package fontspec Info: 
(fontspec)             Microsoft JhengHei UI/B scale = 1.


Package fontspec Info: 
(fontspec)             Microsoft JhengHei UI/BI scale = 0.999997174510696.


Package fontspec Info: 
(fontspec)             Microsoft JhengHei UI/BI scale = 1.


Package fontspec Info: 
(fontspec)             Font family 'MicrosoftJhengHeiUI(2)' created for font
(fontspec)             'Microsoft JhengHei UI' with options
(fontspec)             [Scale=MatchLowercase,Ligatures=TeX,Scale=1,Script=CJK,Language=Chinese
(fontspec)             Simplified].
(fontspec)              
(fontspec)              This font family consists of the following NFSS
(fontspec)             series/shapes:
(fontspec)              
(fontspec)             - 'normal' (m/n) with NFSS spec.: <->s*[1]"Microsoft
(fontspec)             JhengHei
(fontspec)             UI/OT:script=hani;language=ZHS;mapping=tex-text;"
(fontspec)             - 'bold' (b/n) with NFSS spec.: <->s*[1]"Microsoft
(fontspec)             JhengHei
(fontspec)             UI/B/OT:script=hani;language=ZHS;mapping=tex-text;"
(fontspec)             - 'bold italic' (b/it) with NFSS spec.:
(fontspec)             <->s*[1]"Microsoft JhengHei
(fontspec)             UI/BI/OT:script=hani;language=ZHS;mapping=tex-text;"

LaTeX Font Info:    Font shape `TU/MicrosoftJhengHeiUI(2)/m/n' will be
(Font)              scaled to size 10.0pt on input line 187.
(c:/ProgramData/TinyTeX/texmf-dist/tex/latex/bookmark/bookmark.sty
Package: bookmark 2023-12-10 v1.31 PDF bookmarks (HO)
(c:/ProgramData/TinyTeX/texmf-dist/tex/latex/hyperref/hyperref.sty
Package: hyperref 2024-07-10 v7.01j Hypertext links for LaTeX
(c:/ProgramData/TinyTeX/texmf-dist/tex/generic/kvdefinekeys/kvdefinekeys.sty
Package: kvdefinekeys 2019-12-19 v1.6 Define keys (HO)
) (c:/ProgramData/TinyTeX/texmf-dist/tex/generic/pdfescape/pdfescape.sty
Package: pdfescape 2019/12/09 v1.15 Implements pdfTeX's escape features (HO)
(c:/ProgramData/TinyTeX/texmf-dist/tex/generic/pdftexcmds/pdftexcmds.sty
Package: pdftexcmds 2020-06-27 v0.33 Utility functions of pdfTeX for LuaTeX (HO)
(c:/ProgramData/TinyTeX/texmf-dist/tex/generic/infwarerr/infwarerr.sty
Package: infwarerr 2019/12/03 v1.5 Providing info/warning/error messages (HO)
)
Package pdftexcmds Info: \pdf@primitive is available.
Package pdftexcmds Info: \pdf@ifprimitive is available.
Package pdftexcmds Info: \pdfdraftmode not found.
)) (c:/ProgramData/TinyTeX/texmf-dist/tex/latex/hycolor/hycolor.sty
Package: hycolor 2020-01-27 v1.10 Color options for hyperref/bookmark (HO)
) (c:/ProgramData/TinyTeX/texmf-dist/tex/latex/hyperref/nameref.sty
Package: nameref 2023-11-26 v2.56 Cross-referencing by name of section
(c:/ProgramData/TinyTeX/texmf-dist/tex/latex/refcount/refcount.sty
Package: refcount 2019/12/15 v3.6 Data extraction from label references (HO)
) (c:/ProgramData/TinyTeX/texmf-dist/tex/generic/gettitlestring/gettitlestring.sty
Package: gettitlestring 2019/12/15 v1.6 Cleanup title references (HO)
)
\c@section@level=\count322
) (c:/ProgramData/TinyTeX/texmf-dist/tex/generic/stringenc/stringenc.sty
Package: stringenc 2019/11/29 v1.12 Convert strings between diff. encodings (HO)
)
\@linkdim=\dimen197
\Hy@linkcounter=\count323
\Hy@pagecounter=\count324
(c:/ProgramData/TinyTeX/texmf-dist/tex/latex/hyperref/pd1enc.def
File: pd1enc.def 2024-07-10 v7.01j Hyperref: PDFDocEncoding definition (HO)
) (c:/ProgramData/TinyTeX/texmf-dist/tex/generic/intcalc/intcalc.sty
Package: intcalc 2019/12/15 v1.3 Expandable calculations with integers (HO)
)
\Hy@SavedSpaceFactor=\count325
(c:/ProgramData/TinyTeX/texmf-dist/tex/latex/hyperref/puenc.def
File: puenc.def 2024-07-10 v7.01j Hyperref: PDF Unicode definition (HO)
)
Package hyperref Info: Option `unicode' set `true' on input line 4040.
Package hyperref Info: Hyper figures OFF on input line 4157.
Package hyperref Info: Link nesting OFF on input line 4162.
Package hyperref Info: Hyper index ON on input line 4165.
Package hyperref Info: Plain pages OFF on input line 4172.
Package hyperref Info: Backreferencing OFF on input line 4177.
Package hyperref Info: Implicit mode ON; LaTeX internals redefined.
Package hyperref Info: Bookmarks ON on input line 4424.
\c@Hy@tempcnt=\count326
(c:/ProgramData/TinyTeX/texmf-dist/tex/latex/url/url.sty
\Urlmuskip=\muskip19
Package: url 2013/09/16  ver 3.4  Verb mode for urls, etc.
)
LaTeX Info: Redefining \url on input line 4763.
\XeTeXLinkMargin=\dimen198
(c:/ProgramData/TinyTeX/texmf-dist/tex/generic/bitset/bitset.sty
Package: bitset 2019/12/09 v1.3 Handle bit-vector datatype (HO)
(c:/ProgramData/TinyTeX/texmf-dist/tex/generic/bigintcalc/bigintcalc.sty
Package: bigintcalc 2019/12/15 v1.5 Expandable calculations on big integers (HO)
))
\Fld@menulength=\count327
\Field@Width=\dimen199
\Fld@charsize=\dimen256
Package hyperref Info: Hyper figures OFF on input line 6042.
Package hyperref Info: Link nesting OFF on input line 6047.
Package hyperref Info: Hyper index ON on input line 6050.
Package hyperref Info: backreferencing OFF on input line 6057.
Package hyperref Info: Link coloring OFF on input line 6062.
Package hyperref Info: Link coloring with OCG OFF on input line 6067.
Package hyperref Info: PDF/A mode OFF on input line 6072.
(c:/ProgramData/TinyTeX/texmf-dist/tex/latex/base/atbegshi-ltx.sty
Package: atbegshi-ltx 2021/01/10 v1.0c Emulation of the original atbegshi
package with kernel methods
)
\Hy@abspage=\count328
\c@Item=\count329
\c@Hfootnote=\count330
)
Package hyperref Info: Driver (autodetected): hxetex.
(c:/ProgramData/TinyTeX/texmf-dist/tex/latex/hyperref/hxetex.def
File: hxetex.def 2024-07-10 v7.01j Hyperref driver for XeTeX
\pdfm@box=\box67
\c@Hy@AnnotLevel=\count331
\HyField@AnnotCount=\count332
\Fld@listcount=\count333
\c@bookmark@seq@number=\count334
(c:/ProgramData/TinyTeX/texmf-dist/tex/latex/rerunfilecheck/rerunfilecheck.sty
Package: rerunfilecheck 2022-07-10 v1.10 Rerun checks for auxiliary files (HO)
(c:/ProgramData/TinyTeX/texmf-dist/tex/latex/base/atveryend-ltx.sty
Package: atveryend-ltx 2020/08/19 v1.0a Emulation of the original atveryend package
with kernel methods
) (c:/ProgramData/TinyTeX/texmf-dist/tex/generic/uniquecounter/uniquecounter.sty
Package: uniquecounter 2019/12/15 v1.4 Provide unlimited unique counter (HO)
)
Package uniquecounter Info: New unique counter `rerunfilecheck' on input line 285.
)
\Hy@SectionHShift=\skip64
) (c:/ProgramData/TinyTeX/texmf-dist/tex/latex/bookmark/bkm-dvipdfm.def
File: bkm-dvipdfm.def 2023-12-10 v1.31 bookmark driver for dvipdfm (HO)
\BKM@id=\count335
))
Package hyperref Info: Option `colorlinks' set `true' on input line 208.
(./統計諮詢hw4.aux

Package babel Info: The following font families will use the default
(babel)             settings for all or some languages:
(babel)             * \sffamily = lmss
(babel)               "[lmsans10-regular]:mapping=tex-text;" at 10.0pt
(babel)             * \ttfamily = lmtt
(babel)               "[lmmono10-regular]:" at 10.0pt
(babel)             There is nothing intrinsically wrong with it, but
(babel)             'babel' will no set Script and Language, which could
(babel)             be relevant in some languages. If your document uses
(babel)             these families, consider redefining them with \babelfont.
(babel)             Reported on input line 3.

)
\openout1 = `統計諮詢hw4.aux'.

LaTeX Font Info:    Checking defaults for OML/cmm/m/it on input line 215.
LaTeX Font Info:    ... okay on input line 215.
LaTeX Font Info:    Checking defaults for OMS/cmsy/m/n on input line 215.
LaTeX Font Info:    ... okay on input line 215.
LaTeX Font Info:    Checking defaults for OT1/cmr/m/n on input line 215.
LaTeX Font Info:    ... okay on input line 215.
LaTeX Font Info:    Checking defaults for T1/cmr/m/n on input line 215.
LaTeX Font Info:    ... okay on input line 215.
LaTeX Font Info:    Checking defaults for TS1/cmr/m/n on input line 215.
LaTeX Font Info:    ... okay on input line 215.
LaTeX Font Info:    Checking defaults for TU/lmr/m/n on input line 215.
LaTeX Font Info:    ... okay on input line 215.
LaTeX Font Info:    Checking defaults for OMX/cmex/m/n on input line 215.
LaTeX Font Info:    ... okay on input line 215.
LaTeX Font Info:    Checking defaults for U/cmr/m/n on input line 215.
LaTeX Font Info:    ... okay on input line 215.
LaTeX Font Info:    Checking defaults for PD1/pdf/m/n on input line 215.
LaTeX Font Info:    ... okay on input line 215.
LaTeX Font Info:    Checking defaults for PU/pdf/m/n on input line 215.
LaTeX Font Info:    ... okay on input line 215.
LaTeX Font Info:    Overwriting math alphabet `\mathsf' in version `normal'
(Font)                  OT1/lmss/m/n --> TU/lmss/m/n on input line 215.
LaTeX Font Info:    Overwriting math alphabet `\mathsf' in version `bold'
(Font)                  OT1/lmss/bx/n --> TU/lmss/b/n on input line 215.
LaTeX Font Info:    Overwriting math alphabet `\mathtt' in version `normal'
(Font)                  OT1/lmtt/m/n --> TU/lmtt/m/n on input line 215.
LaTeX Font Info:    Overwriting math alphabet `\mathtt' in version `bold'
(Font)                  OT1/lmtt/m/n --> TU/lmtt/b/n on input line 215.

Package fontspec Info: 
(fontspec)             latinmodern-math scale = 1.252987138047377.


Package fontspec Info: 
(fontspec)             latinmodern-math scale = 1.252987138047377.


Package fontspec Info: 
(fontspec)             latinmodern-math scale = 1.252987138047377.


Package fontspec Info: 
(fontspec)             Font family 'latinmodern-math.otf(0)' created for font
(fontspec)             'latinmodern-math.otf' with options
(fontspec)             [Scale=MatchLowercase,BoldItalicFont={},ItalicFont={},SmallCapsFont={},Script=Math,BoldFont={latinmodern-math.otf}].
(fontspec)              
(fontspec)              This font family consists of the following NFSS
(fontspec)             series/shapes:
(fontspec)              
(fontspec)             - 'normal' (m/n) with NFSS spec.:
(fontspec)             <->s*[1.252987138047377]"[latinmodern-math.otf]/OT:script=math;language=dflt;"
(fontspec)             - 'bold' (b/n) with NFSS spec.:
(fontspec)             <->s*[1.252987138047377]"[latinmodern-math.otf]/OT:script=math;language=dflt;"

LaTeX Font Info:    Font shape `TU/latinmodern-math.otf(0)/m/n' will be
(Font)              scaled to size 12.5299pt on input line 215.

Package fontspec Info: 
(fontspec)             latinmodern-math scale = 1.252987138047377.


Package fontspec Info: 
(fontspec)             latinmodern-math scale = 1.252987138047377.


Package fontspec Info: 
(fontspec)             latinmodern-math scale = 1.252987138047377.


Package fontspec Info: 
(fontspec)             latinmodern-math scale = 1.252987138047377.


Package fontspec Info: 
(fontspec)             latinmodern-math scale = 1.252987138047377.


Package fontspec Info: 
(fontspec)             Font family 'latinmodern-math.otf(1)' created for font
(fontspec)             'latinmodern-math.otf' with options
(fontspec)             [Scale=MatchLowercase,BoldItalicFont={},ItalicFont={},SmallCapsFont={},Script=Math,SizeFeatures={{Size=8.5-},{Size=6-8.5,Font=latinmodern-math.otf,Style=MathScript},{Size=-6,Font=latinmodern-math.otf,Style=MathScriptScript}},BoldFont={latinmodern-math.otf}].
(fontspec)              
(fontspec)              This font family consists of the following NFSS
(fontspec)             series/shapes:
(fontspec)              
(fontspec)             - 'normal' (m/n) with NFSS spec.:
(fontspec)             <8.5->s*[1.252987138047377]"[latinmodern-math.otf]/OT:script=math;language=dflt;"<6-8.5>s*[1.252987138047377]"[latinmodern-math.otf]/OT:script=math;language=dflt;+ssty=0;"<-6>s*[1.252987138047377]"[latinmodern-math.otf]/OT:script=math;language=dflt;+ssty=1;"
(fontspec)             - 'bold' (b/n) with NFSS spec.:
(fontspec)             <->s*[1.252987138047377]"[latinmodern-math.otf]/OT:script=math;language=dflt;"

LaTeX Font Info:    Font shape `TU/latinmodern-math.otf(1)/m/n' will be
(Font)              scaled to size 12.5299pt on input line 215.
LaTeX Font Info:    Encoding `OT1' has changed to `TU' for symbol font
(Font)              `operators' in the math version `normal' on input line 215.
LaTeX Font Info:    Overwriting symbol font `operators' in version `normal'
(Font)                  OT1/lmr/m/n --> TU/latinmodern-math.otf(1)/m/n on input line 215.
LaTeX Font Info:    Encoding `OT1' has changed to `TU' for symbol font
(Font)              `operators' in the math version `bold' on input line 215.
LaTeX Font Info:    Overwriting symbol font `operators' in version `bold'
(Font)                  OT1/lmr/bx/n --> TU/latinmodern-math.otf(1)/b/n on input line 215.

Package fontspec Info: 
(fontspec)             latinmodern-math scale = 1.252987138047377.


Package fontspec Info: 
(fontspec)             latinmodern-math scale = 1.253112436761182.


Package fontspec Info: 
(fontspec)             latinmodern-math scale = 1.252987138047377.


Package fontspec Info: 
(fontspec)             latinmodern-math scale = 1.253112436761182.


Package fontspec Info: 
(fontspec)             latinmodern-math scale = 1.252987138047377.


Package fontspec Info: 
(fontspec)             latinmodern-math scale = 1.253112436761182.


Package fontspec Info: 
(fontspec)             latinmodern-math scale = 1.252987138047377.


Package fontspec Info: 
(fontspec)             latinmodern-math scale = 1.253112436761182.


Package fontspec Info: 
(fontspec)             latinmodern-math scale = 1.252987138047377.


Package fontspec Info: 
(fontspec)             latinmodern-math scale = 1.253112436761182.


Package fontspec Info: 
(fontspec)             Font family 'latinmodern-math.otf(2)' created for font
(fontspec)             'latinmodern-math.otf' with options
(fontspec)             [Scale=MatchLowercase,BoldItalicFont={},ItalicFont={},SmallCapsFont={},Script=Math,SizeFeatures={{Size=8.5-},{Size=6-8.5,Font=latinmodern-math.otf,Style=MathScript},{Size=-6,Font=latinmodern-math.otf,Style=MathScriptScript}},BoldFont={latinmodern-math.otf},ScaleAgain=1.0001,FontAdjustment={\fontdimen
(fontspec)             8\font =8.48274pt\relax \fontdimen 9\font
(fontspec)             =4.93678pt\relax \fontdimen 10\font =5.56328pt\relax
(fontspec)             \fontdimen 11\font =8.59552pt\relax \fontdimen 12\font
(fontspec)             =4.32281pt\relax \fontdimen 13\font =4.54836pt\relax
(fontspec)             \fontdimen 14\font =4.54836pt\relax \fontdimen 15\font
(fontspec)             =3.62114pt\relax \fontdimen 16\font =3.0949pt\relax
(fontspec)             \fontdimen 17\font =3.0949pt\relax \fontdimen 18\font
(fontspec)             =3.13248pt\relax \fontdimen 19\font =2.50598pt\relax
(fontspec)             \fontdimen 22\font =3.13248pt\relax \fontdimen 20\font
(fontspec)             =0pt\relax \fontdimen 21\font =0pt\relax }].
(fontspec)              
(fontspec)              This font family consists of the following NFSS
(fontspec)             series/shapes:
(fontspec)              
(fontspec)             - 'normal' (m/n) with NFSS spec.:
(fontspec)             <8.5->s*[1.253112436761182]"[latinmodern-math.otf]/OT:script=math;language=dflt;"<6-8.5>s*[1.253112436761182]"[latinmodern-math.otf]/OT:script=math;language=dflt;+ssty=0;"<-6>s*[1.253112436761182]"[latinmodern-math.otf]/OT:script=math;language=dflt;+ssty=1;"
(fontspec)             - 'bold' (b/n) with NFSS spec.:
(fontspec)             <->s*[1.253112436761182]"[latinmodern-math.otf]/OT:script=math;language=dflt;"

LaTeX Font Info:    Encoding `OMS' has changed to `TU' for symbol font
(Font)              `symbols' in the math version `normal' on input line 215.
LaTeX Font Info:    Overwriting symbol font `symbols' in version `normal'
(Font)                  OMS/lmsy/m/n --> TU/latinmodern-math.otf(2)/m/n on input line 215.
LaTeX Font Info:    Encoding `OMS' has changed to `TU' for symbol font
(Font)              `symbols' in the math version `bold' on input line 215.
LaTeX Font Info:    Overwriting symbol font `symbols' in version `bold'
(Font)                  OMS/lmsy/b/n --> TU/latinmodern-math.otf(2)/b/n on input line 215.

Package fontspec Info: 
(fontspec)             latinmodern-math scale = 1.252987138047377.


Package fontspec Info: 
(fontspec)             latinmodern-math scale = 1.252861839333572.


Package fontspec Info: 
(fontspec)             latinmodern-math scale = 1.252987138047377.


Package fontspec Info: 
(fontspec)             latinmodern-math scale = 1.252861839333572.


Package fontspec Info: 
(fontspec)             latinmodern-math scale = 1.252987138047377.


Package fontspec Info: 
(fontspec)             latinmodern-math scale = 1.252861839333572.


Package fontspec Info: 
(fontspec)             latinmodern-math scale = 1.252987138047377.


Package fontspec Info: 
(fontspec)             latinmodern-math scale = 1.252861839333572.


Package fontspec Info: 
(fontspec)             latinmodern-math scale = 1.252987138047377.


Package fontspec Info: 
(fontspec)             latinmodern-math scale = 1.252861839333572.


Package fontspec Info: 
(fontspec)             Font family 'latinmodern-math.otf(3)' created for font
(fontspec)             'latinmodern-math.otf' with options
(fontspec)             [Scale=MatchLowercase,BoldItalicFont={},ItalicFont={},SmallCapsFont={},Script=Math,SizeFeatures={{Size=8.5-},{Size=6-8.5,Font=latinmodern-math.otf,Style=MathScript},{Size=-6,Font=latinmodern-math.otf,Style=MathScriptScript}},BoldFont={latinmodern-math.otf},ScaleAgain=0.9999,FontAdjustment={\fontdimen
(fontspec)             8\font =0.50119pt\relax \fontdimen 9\font
(fontspec)             =2.50598pt\relax \fontdimen 10\font =2.0925pt\relax
(fontspec)             \fontdimen 11\font =1.39082pt\relax \fontdimen 12\font
(fontspec)             =7.51794pt\relax \fontdimen 13\font =0pt\relax }].
(fontspec)              
(fontspec)              This font family consists of the following NFSS
(fontspec)             series/shapes:
(fontspec)              
(fontspec)             - 'normal' (m/n) with NFSS spec.:
(fontspec)             <8.5->s*[1.252861839333572]"[latinmodern-math.otf]/OT:script=math;language=dflt;"<6-8.5>s*[1.252861839333572]"[latinmodern-math.otf]/OT:script=math;language=dflt;+ssty=0;"<-6>s*[1.252861839333572]"[latinmodern-math.otf]/OT:script=math;language=dflt;+ssty=1;"
(fontspec)             - 'bold' (b/n) with NFSS spec.:
(fontspec)             <->s*[1.252861839333572]"[latinmodern-math.otf]/OT:script=math;language=dflt;"

LaTeX Font Info:    Encoding `OMX' has changed to `TU' for symbol font
(Font)              `largesymbols' in the math version `normal' on input line 215.
LaTeX Font Info:    Overwriting symbol font `largesymbols' in version `normal'
(Font)                  OMX/lmex/m/n --> TU/latinmodern-math.otf(3)/m/n on input line 215.
LaTeX Font Info:    Encoding `OMX' has changed to `TU' for symbol font
(Font)              `largesymbols' in the math version `bold' on input line 215.
LaTeX Font Info:    Overwriting symbol font `largesymbols' in version `bold'
(Font)                  OMX/lmex/m/n --> TU/latinmodern-math.otf(3)/b/n on input line 215.
LaTeX Info: Redefining \microtypecontext on input line 215.
Package microtype Info: Applying patch `item' on input line 215.
Package microtype Info: Applying patch `toc' on input line 215.
Package microtype Info: Applying patch `eqnum' on input line 215.
Package microtype Info: Applying patch `footnote' on input line 215.
Package microtype Info: Applying patch `verbatim' on input line 215.
Package microtype Info: Character protrusion enabled (level 2).
Package microtype Info: Using protrusion set `basicmath'.
Package microtype Info: No adjustment of tracking.
Package microtype Info: No adjustment of spacing.
Package microtype Info: No adjustment of kerning.
Package microtype Info: Loading generic protrusion settings for font family
(microtype)             `MicrosoftJhengHeiUI' (encoding: TU).
(microtype)             For optimal results, create family-specific settings.
(microtype)             See the microtype manual for details.

Package microtype Warning: Unknown slot number of character
(microtype)                `\k A'
(microtype)                in font encoding `TU' in inheritance list
(microtype)                `microtype.cfg/411(protrusion)'.


Package microtype Warning: Unknown slot number of character
(microtype)                `\u A'
(microtype)                in font encoding `TU' in inheritance list
(microtype)                `microtype.cfg/411(protrusion)'.


Package microtype Warning: Unknown slot number of character
(microtype)                `\k a'
(microtype)                in font encoding `TU' in inheritance list
(microtype)                `microtype.cfg/411(protrusion)'.


Package microtype Warning: Unknown slot number of character
(microtype)                `\u a'
(microtype)                in font encoding `TU' in inheritance list
(microtype)                `microtype.cfg/411(protrusion)'.


Package microtype Warning: Unknown slot number of character
(microtype)                `\'C'
(microtype)                in font encoding `TU' in inheritance list
(microtype)                `microtype.cfg/411(protrusion)'.


Package microtype Warning: Unknown slot number of character
(microtype)                `\v C'
(microtype)                in font encoding `TU' in inheritance list
(microtype)                `microtype.cfg/411(protrusion)'.


Package microtype Warning: Unknown slot number of character
(microtype)                `\'c'
(microtype)                in font encoding `TU' in inheritance list
(microtype)                `microtype.cfg/411(protrusion)'.


Package microtype Warning: Unknown slot number of character
(microtype)                `\v c'
(microtype)                in font encoding `TU' in inheritance list
(microtype)                `microtype.cfg/411(protrusion)'.


Package microtype Warning: Unknown slot number of character
(microtype)                `\v D'
(microtype)                in font encoding `TU' in inheritance list
(microtype)                `microtype.cfg/411(protrusion)'.


Package microtype Warning: Unknown slot number of character
(microtype)                `\v d'
(microtype)                in font encoding `TU' in inheritance list
(microtype)                `microtype.cfg/411(protrusion)'.

Package microtype Info: Character `\dj ' is missing
(microtype)             in font `\TU/MicrosoftJhengHeiUI(2)/m/n/10'.
(microtype)             Ignoring protrusion settings for this character.

Package microtype Warning: Unknown slot number of character
(microtype)                `\k E'
(microtype)                in font encoding `TU' in inheritance list
(microtype)                `microtype.cfg/411(protrusion)'.


Package microtype Warning: Unknown slot number of character
(microtype)                `\v E'
(microtype)                in font encoding `TU' in inheritance list
(microtype)                `microtype.cfg/411(protrusion)'.


Package microtype Warning: Unknown slot number of character
(microtype)                `\k e'
(microtype)                in font encoding `TU' in inheritance list
(microtype)                `microtype.cfg/411(protrusion)'.


Package microtype Warning: Unknown slot number of character
(microtype)                `\v e'
(microtype)                in font encoding `TU' in inheritance list
(microtype)                `microtype.cfg/411(protrusion)'.


Package microtype Warning: Unknown slot number of character
(microtype)                `\u G'
(microtype)                in font encoding `TU' in inheritance list
(microtype)                `microtype.cfg/411(protrusion)'.


Package microtype Warning: Unknown slot number of character
(microtype)                `\u g'
(microtype)                in font encoding `TU' in inheritance list
(microtype)                `microtype.cfg/411(protrusion)'.


Package microtype Warning: Unknown slot number of character
(microtype)                `\.I'
(microtype)                in font encoding `TU' in inheritance list
(microtype)                `microtype.cfg/411(protrusion)'.

Package microtype Info: Character `\L ' is missing
(microtype)             in font `\TU/MicrosoftJhengHeiUI(2)/m/n/10'.
(microtype)             Ignoring protrusion settings for this character.

Package microtype Warning: Unknown slot number of character
(microtype)                `\'L'
(microtype)                in font encoding `TU' in inheritance list
(microtype)                `microtype.cfg/411(protrusion)'.


Package microtype Warning: Unknown slot number of character
(microtype)                `\v L'
(microtype)                in font encoding `TU' in inheritance list
(microtype)                `microtype.cfg/411(protrusion)'.

Package microtype Info: Character `\l ' is missing
(microtype)             in font `\TU/MicrosoftJhengHeiUI(2)/m/n/10'.
(microtype)             Ignoring protrusion settings for this character.

Package microtype Warning: Unknown slot number of character
(microtype)                `\'l'
(microtype)                in font encoding `TU' in inheritance list
(microtype)                `microtype.cfg/411(protrusion)'.


Package microtype Warning: Unknown slot number of character
(microtype)                `\v l'
(microtype)                in font encoding `TU' in inheritance list
(microtype)                `microtype.cfg/411(protrusion)'.


Package microtype Warning: Unknown slot number of character
(microtype)                `\'N'
(microtype)                in font encoding `TU' in inheritance list
(microtype)                `microtype.cfg/411(protrusion)'.


Package microtype Warning: Unknown slot number of character
(microtype)                `\v N'
(microtype)                in font encoding `TU' in inheritance list
(microtype)                `microtype.cfg/411(protrusion)'.


Package microtype Warning: Unknown slot number of character
(microtype)                `\'n'
(microtype)                in font encoding `TU' in inheritance list
(microtype)                `microtype.cfg/411(protrusion)'.


Package microtype Warning: Unknown slot number of character
(microtype)                `\v n'
(microtype)                in font encoding `TU' in inheritance list
(microtype)                `microtype.cfg/411(protrusion)'.


Package microtype Warning: Unknown slot number of character
(microtype)                `\H O'
(microtype)                in font encoding `TU' in inheritance list
(microtype)                `microtype.cfg/411(protrusion)'.


Package microtype Warning: Unknown slot number of character
(microtype)                `\H o'
(microtype)                in font encoding `TU' in inheritance list
(microtype)                `microtype.cfg/411(protrusion)'.


Package microtype Warning: Unknown slot number of character
(microtype)                `\'R'
(microtype)                in font encoding `TU' in inheritance list
(microtype)                `microtype.cfg/411(protrusion)'.


Package microtype Warning: Unknown slot number of character
(microtype)                `\v R'
(microtype)                in font encoding `TU' in inheritance list
(microtype)                `microtype.cfg/411(protrusion)'.


Package microtype Warning: Unknown slot number of character
(microtype)                `\'r'
(microtype)                in font encoding `TU' in inheritance list
(microtype)                `microtype.cfg/411(protrusion)'.


Package microtype Warning: Unknown slot number of character
(microtype)                `\v r'
(microtype)                in font encoding `TU' in inheritance list
(microtype)                `microtype.cfg/411(protrusion)'.


Package microtype Warning: Unknown slot number of character
(microtype)                `\'S'
(microtype)                in font encoding `TU' in inheritance list
(microtype)                `microtype.cfg/411(protrusion)'.


Package microtype Warning: Unknown slot number of character
(microtype)                `\c S'
(microtype)                in font encoding `TU' in inheritance list
(microtype)                `microtype.cfg/411(protrusion)'.


Package microtype Warning: Unknown slot number of character
(microtype)                `\'s'
(microtype)                in font encoding `TU' in inheritance list
(microtype)                `microtype.cfg/411(protrusion)'.


Package microtype Warning: Unknown slot number of character
(microtype)                `\c s'
(microtype)                in font encoding `TU' in inheritance list
(microtype)                `microtype.cfg/411(protrusion)'.


Package microtype Warning: Unknown slot number of character
(microtype)                `\c T'
(microtype)                in font encoding `TU' in inheritance list
(microtype)                `microtype.cfg/411(protrusion)'.


Package microtype Warning: Unknown slot number of character
(microtype)                `\v T'
(microtype)                in font encoding `TU' in inheritance list
(microtype)                `microtype.cfg/411(protrusion)'.


Package microtype Warning: Unknown slot number of character
(microtype)                `\c t'
(microtype)                in font encoding `TU' in inheritance list
(microtype)                `microtype.cfg/411(protrusion)'.


Package microtype Warning: Unknown slot number of character
(microtype)                `\v t'
(microtype)                in font encoding `TU' in inheritance list
(microtype)                `microtype.cfg/411(protrusion)'.


Package microtype Warning: Unknown slot number of character
(microtype)                `\H U'
(microtype)                in font encoding `TU' in inheritance list
(microtype)                `microtype.cfg/411(protrusion)'.


Package microtype Warning: Unknown slot number of character
(microtype)                `\r U'
(microtype)                in font encoding `TU' in inheritance list
(microtype)                `microtype.cfg/411(protrusion)'.


Package microtype Warning: Unknown slot number of character
(microtype)                `\H u'
(microtype)                in font encoding `TU' in inheritance list
(microtype)                `microtype.cfg/411(protrusion)'.


Package microtype Warning: Unknown slot number of character
(microtype)                `\r u'
(microtype)                in font encoding `TU' in inheritance list
(microtype)                `microtype.cfg/411(protrusion)'.


Package microtype Warning: Unknown slot number of character
(microtype)                `\'Z'
(microtype)                in font encoding `TU' in inheritance list
(microtype)                `microtype.cfg/411(protrusion)'.


Package microtype Warning: Unknown slot number of character
(microtype)                `\.Z'
(microtype)                in font encoding `TU' in inheritance list
(microtype)                `microtype.cfg/411(protrusion)'.


Package microtype Warning: Unknown slot number of character
(microtype)                `\'z'
(microtype)                in font encoding `TU' in inheritance list
(microtype)                `microtype.cfg/411(protrusion)'.


Package microtype Warning: Unknown slot number of character
(microtype)                `\.z'
(microtype)                in font encoding `TU' in inheritance list
(microtype)                `microtype.cfg/411(protrusion)'.

*geometry* driver: auto-detecting
*geometry* detected driver: xetex

Package geometry Warning: The marginal notes overrun the paper.
     Add 4.86812pt and more to the right margin.

*geometry* verbose mode - [ preamble ] result:
* driver: xetex
* paper: <default>
* layout: <same size as paper>
* layoutoffset:(h,v)=(0.0pt,0.0pt)
* modes: 
* h-part:(L,W,R)=(71.13188pt, 472.03123pt, 71.13188pt)
* v-part:(T,H,B)=(71.13188pt, 652.70622pt, 71.13188pt)
* \paperwidth=614.295pt
* \paperheight=794.96999pt
* \textwidth=472.03123pt
* \textheight=652.70622pt
* \oddsidemargin=-1.1381pt
* \evensidemargin=-1.1381pt
* \topmargin=-38.1381pt
* \headheight=12.0pt
* \headsep=25.0pt
* \topskip=10.0pt
* \footskip=30.0pt
* \marginparwidth=65.0pt
* \marginparsep=11.0pt
* \columnsep=10.0pt
* \skip\footins=9.0pt plus 4.0pt minus 2.0pt
* \hoffset=0.0pt
* \voffset=0.0pt
* \mag=1000
* \@twocolumnfalse
* \@twosidefalse
* \@mparswitchfalse
* \@reversemarginfalse
* (1in=72.27pt=25.4mm, 1cm=28.453pt)

Package caption Info: Begin \AtBeginDocument code.
Package caption Info: float package is loaded.
Package caption Info: hyperref package is loaded.
Package caption Info: End \AtBeginDocument code.
Package hyperref Info: Link coloring ON on input line 215.
LaTeX Font Info:    Font shape `TU/MicrosoftJhengHeiUI(2)/m/n' will be
(Font)              scaled to size 17.28pt on input line 217.
LaTeX Font Info:    Font shape `TU/MicrosoftJhengHeiUI(2)/m/n' will be
(Font)              scaled to size 12.0pt on input line 217.
LaTeX Font Info:    Font shape `TU/latinmodern-math.otf(1)/m/n' will be
(Font)              scaled to size 15.03589pt on input line 217.
LaTeX Font Info:    Font shape `TU/latinmodern-math.otf(1)/m/n' will be
(Font)              scaled to size 10.02393pt on input line 217.
LaTeX Font Info:    Font shape `TU/latinmodern-math.otf(1)/m/n' will be
(Font)              scaled to size 7.51794pt on input line 217.
LaTeX Font Info:    Trying to load font information for OML+lmm on input line 217.
(c:/ProgramData/TinyTeX/texmf-dist/tex/latex/lm/omllmm.fd
File: omllmm.fd 2015/05/01 v1.6.1 Font defs for Latin Modern
)
LaTeX Font Info:    Font shape `TU/latinmodern-math.otf(2)/m/n' will be
(Font)              scaled to size 15.03735pt on input line 217.
LaTeX Font Info:    Font shape `TU/latinmodern-math.otf(2)/m/n' will be
(Font)              scaled to size 10.0249pt on input line 217.
LaTeX Font Info:    Font shape `TU/latinmodern-math.otf(2)/m/n' will be
(Font)              scaled to size 7.51868pt on input line 217.
LaTeX Font Info:    Font shape `TU/latinmodern-math.otf(3)/m/n' will be
(Font)              scaled to size 15.03442pt on input line 217.
LaTeX Font Info:    Font shape `TU/latinmodern-math.otf(3)/m/n' will be
(Font)              scaled to size 10.02295pt on input line 217.
LaTeX Font Info:    Font shape `TU/latinmodern-math.otf(3)/m/n' will be
(Font)              scaled to size 7.51721pt on input line 217.
LaTeX Font Info:    Trying to load font information for U+msa on input line 217.
(c:/ProgramData/TinyTeX/texmf-dist/tex/latex/amsfonts/umsa.fd
File: umsa.fd 2013/01/14 v3.01 AMS symbols A
) (c:/ProgramData/TinyTeX/texmf-dist/tex/latex/microtype/mt-msa.cfg
File: mt-msa.cfg 2006/02/04 v1.1 microtype config. file: AMS symbols (a) (RS)
)
LaTeX Font Info:    Trying to load font information for U+msb on input line 217.
(c:/ProgramData/TinyTeX/texmf-dist/tex/latex/amsfonts/umsb.fd
File: umsb.fd 2013/01/14 v3.01 AMS symbols B
) (c:/ProgramData/TinyTeX/texmf-dist/tex/latex/microtype/mt-msb.cfg
File: mt-msb.cfg 2005/06/01 v1.0 microtype config. file: AMS symbols (b) (RS)
)
LaTeX Font Info:    Font shape `TU/MicrosoftJhengHeiUI(2)/m/n' will be
(Font)              scaled to size 14.4pt on input line 222.
LaTeX Font Info:    Font shape `TU/MicrosoftJhengHeiUI(2)/b/n' will be
(Font)              scaled to size 14.4pt on input line 222.
(./統計諮詢hw4.toc
LaTeX Font Info:    Font shape `TU/latinmodern-math.otf(1)/m/n' will be
(Font)              scaled to size 8.77094pt on input line 2.
LaTeX Font Info:    Font shape `TU/latinmodern-math.otf(1)/m/n' will be
(Font)              scaled to size 6.26495pt on input line 2.
LaTeX Font Info:    Font shape `TU/latinmodern-math.otf(2)/m/n' will be
(Font)              scaled to size 12.53113pt on input line 2.
LaTeX Font Info:    Font shape `TU/latinmodern-math.otf(2)/m/n' will be
(Font)              scaled to size 8.77179pt on input line 2.
LaTeX Font Info:    Font shape `TU/latinmodern-math.otf(2)/m/n' will be
(Font)              scaled to size 6.26556pt on input line 2.
LaTeX Font Info:    Font shape `TU/latinmodern-math.otf(3)/m/n' will be
(Font)              scaled to size 12.52869pt on input line 2.
LaTeX Font Info:    Font shape `TU/latinmodern-math.otf(3)/m/n' will be
(Font)              scaled to size 8.77008pt on input line 2.
LaTeX Font Info:    Font shape `TU/latinmodern-math.otf(3)/m/n' will be
(Font)              scaled to size 6.26434pt on input line 2.
)
\tf@toc=\write4
\openout4 = `統計諮詢hw4.toc'.

LaTeX Font Info:    Font shape `TU/MicrosoftJhengHeiUI(2)/b/n' will be
(Font)              scaled to size 12.0pt on input line 225.
Missing character: There is no 桌 (U+684C) in font [lmmono10-regular]:!
Missing character: There is no 面 (U+9762) in font [lmmono10-regular]:!
Missing character: There is no 統 (U+7D71) in font [lmmono10-regular]:!
Missing character: There is no 計 (U+8A08) in font [lmmono10-regular]:!
Missing character: There is no 諮 (U+8AEE) in font [lmmono10-regular]:!
Missing character: There is no 詢 (U+8A62) in font [lmmono10-regular]:!
Missing character: There is no 統 (U+7D71) in font [lmmono10-regular]:!
Missing character: There is no 計 (U+8A08) in font [lmmono10-regular]:!
Missing character: There is no 諮 (U+8AEE) in font [lmmono10-regular]:!
Missing character: There is no 詢 (U+8A62) in font [lmmono10-regular]:!
Missing character: There is no 將 (U+5C07) in font [lmmono10-regular]:!
Missing character: There is no 資 (U+8CC7) in font [lmmono10-regular]:!
Missing character: There is no 料 (U+6599) in font [lmmono10-regular]:!
Missing character: There is no 保 (U+4FDD) in font [lmmono10-regular]:!
Missing character: There is no 存 (U+5B58) in font [lmmono10-regular]:!
Missing character: There is no 為 (U+70BA) in font [lmmono10-regular]:!
Missing character: There is no 格 (U+683C) in font [lmmono10-regular]:!
Missing character: There is no 式 (U+5F0F) in font [lmmono10-regular]:!
Missing character: There is no 僅 (U+50C5) in font [lmmono10-regular]:!
Missing character: There is no 輔 (U+8F14) in font [lmmono10-regular]:!
Missing character: There is no 助 (U+52A9) in font [lmmono10-regular]:!
Missing character: There is no 分 (U+5206) in font [lmmono10-regular]:!
Missing character: There is no 析 (U+6790) in font [lmmono10-regular]:!
Missing character: There is no 用 (U+7528) in font [lmmono10-regular]:!
Missing character: There is no ， (U+FF0C) in font [lmmono10-regular]:!
Missing character: There is no 不 (U+4E0D) in font [lmmono10-regular]:!
Missing character: There is no 須 (U+9808) in font [lmmono10-regular]:!
Missing character: There is no 執 (U+57F7) in font [lmmono10-regular]:!
Missing character: There is no 行 (U+884C) in font [lmmono10-regular]:!
Missing character: There is no 該 (U+8A72) in font [lmmono10-regular]:!
Missing character: There is no 程 (U+7A0B) in font [lmmono10-regular]:!
Missing character: There is no 式 (U+5F0F) in font [lmmono10-regular]:!
Missing character: There is no 碼 (U+78BC) in font [lmmono10-regular]:!
Missing character: There is no 桌 (U+684C) in font [lmmono10-regular]:!
Missing character: There is no 面 (U+9762) in font [lmmono10-regular]:!
Missing character: There is no 統 (U+7D71) in font [lmmono10-regular]:!
Missing character: There is no 計 (U+8A08) in font [lmmono10-regular]:!
Missing character: There is no 諮 (U+8AEE) in font [lmmono10-regular]:!
Missing character: There is no 詢 (U+8A62) in font [lmmono10-regular]:!
Missing character: There is no 統 (U+7D71) in font [lmmono10-regular]:!
Missing character: There is no 計 (U+8A08) in font [lmmono10-regular]:!
Missing character: There is no 諮 (U+8AEE) in font [lmmono10-regular]:!
Missing character: There is no 詢 (U+8A62) in font [lmmono10-regular]:!
Missing character: There is no 查 (U+67E5) in font [lmmono10-regular]:!
Missing character: There is no 看 (U+770B) in font [lmmono10-regular]:!
Missing character: There is no 每 (U+6BCF) in font [lmmono10-regular]:!
Missing character: There is no 個 (U+500B) in font [lmmono10-regular]:!
Missing character: There is no 變 (U+8B8A) in font [lmmono10-regular]:!
Missing character: There is no 數 (U+6578) in font [lmmono10-regular]:!
Missing character: There is no 的 (U+7684) in font [lmmono10-regular]:!
Missing character: There is no 唯 (U+552F) in font [lmmono10-regular]:!
Missing character: There is no 一 (U+4E00) in font [lmmono10-regular]:!
Missing character: There is no 值 (U+503C) in font [lmmono10-regular]:!
Missing character: There is no 僅 (U+50C5) in font [lmmono10-regular]:!
Missing character: There is no 輔 (U+8F14) in font [lmmono10-regular]:!
Missing character: There is no 助 (U+52A9) in font [lmmono10-regular]:!
Missing character: There is no 分 (U+5206) in font [lmmono10-regular]:!
Missing character: There is no 析 (U+6790) in font [lmmono10-regular]:!
Missing character: There is no 用 (U+7528) in font [lmmono10-regular]:!
Missing character: There is no ， (U+FF0C) in font [lmmono10-regular]:!
Missing character: There is no 不 (U+4E0D) in font [lmmono10-regular]:!
Missing character: There is no 須 (U+9808) in font [lmmono10-regular]:!
Missing character: There is no 執 (U+57F7) in font [lmmono10-regular]:!
Missing character: There is no 行 (U+884C) in font [lmmono10-regular]:!
Missing character: There is no 該 (U+8A72) in font [lmmono10-regular]:!
Missing character: There is no 程 (U+7A0B) in font [lmmono10-regular]:!
Missing character: There is no 式 (U+5F0F) in font [lmmono10-regular]:!
Missing character: There is no 碼 (U+78BC) in font [lmmono10-regular]:!


[1

]
Missing character: There is no 處 (U+8655) in font [lmmono10-regular]:!
Missing character: There is no 理 (U+7406) in font [lmmono10-regular]:!
Missing character: There is no 知 (U+77E5) in font [lmmono10-regular]:!
Missing character: There is no 名 (U+540D) in font [lmmono10-regular]:!
Missing character: There is no 度 (U+5EA6) in font [lmmono10-regular]:!
Missing character: There is no （ (U+FF08) in font [lmmono10-regular]:!
Missing character: There is no ） (U+FF09) in font [lmmono10-regular]:!
Missing character: There is no 將 (U+5C07) in font [lmmono10-regular]:!
Missing character: There is no 替 (U+66FF) in font [lmmono10-regular]:!
Missing character: There is no 換 (U+63DB) in font [lmmono10-regular]:!
Missing character: There is no 為 (U+70BA) in font [lmmono10-regular]:!
Missing character: There is no ， (U+FF0C) in font [lmmono10-regular]:!
Missing character: There is no 處 (U+8655) in font [lmmono10-regular]:!
Missing character: There is no 理 (U+7406) in font [lmmono10-regular]:!
Missing character: There is no 缺 (U+7F3A) in font [lmmono10-regular]:!
Missing character: There is no 失 (U+5931) in font [lmmono10-regular]:!
Missing character: There is no 值 (U+503C) in font [lmmono10-regular]:!
Missing character: There is no 選 (U+9078) in font [lmmono10-regular]:!
Missing character: There is no 擇 (U+64C7) in font [lmmono10-regular]:!
Missing character: There is no 到 (U+5230) in font [lmmono10-regular]:!
Missing character: There is no 的 (U+7684) in font [lmmono10-regular]:!
Missing character: There is no 變 (U+8B8A) in font [lmmono10-regular]:!
Missing character: There is no 數 (U+6578) in font [lmmono10-regular]:!
Missing character: There is no 將 (U+5C07) in font [lmmono10-regular]:!
Missing character: There is no 資 (U+8CC7) in font [lmmono10-regular]:!
Missing character: There is no 料 (U+6599) in font [lmmono10-regular]:!
Missing character: There is no 長 (U+9577) in font [lmmono10-regular]:!
Missing character: There is no 格 (U+683C) in font [lmmono10-regular]:!
Missing character: There is no 式 (U+5F0F) in font [lmmono10-regular]:!
Missing character: There is no 化 (U+5316) in font [lmmono10-regular]:!
Missing character: There is no ， (U+FF0C) in font [lmmono10-regular]:!
Missing character: There is no 這 (U+9019) in font [lmmono10-regular]:!
Missing character: There is no 樣 (U+6A23) in font [lmmono10-regular]:!
Missing character: There is no 每 (U+6BCF) in font [lmmono10-regular]:!
Missing character: There is no 個 (U+500B) in font [lmmono10-regular]:!
Missing character: There is no 變 (U+8B8A) in font [lmmono10-regular]:!
Missing character: There is no 數 (U+6578) in font [lmmono10-regular]:!
Missing character: There is no 的 (U+7684) in font [lmmono10-regular]:!
Missing character: There is no 值 (U+503C) in font [lmmono10-regular]:!
Missing character: There is no 都 (U+90FD) in font [lmmono10-regular]:!
Missing character: There is no 會 (U+6703) in font [lmmono10-regular]:!
Missing character: There is no 成 (U+6210) in font [lmmono10-regular]:!
Missing character: There is no 為 (U+70BA) in font [lmmono10-regular]:!
Missing character: There is no 一 (U+4E00) in font [lmmono10-regular]:!
Missing character: There is no 列 (U+5217) in font [lmmono10-regular]:!
Missing character: There is no 計 (U+8A08) in font [lmmono10-regular]:!
Missing character: There is no 算 (U+7B97) in font [lmmono10-regular]:!
Missing character: There is no 到 (U+5230) in font [lmmono10-regular]:!
Missing character: There is no 出 (U+51FA) in font [lmmono10-regular]:!
Missing character: There is no 現 (U+73FE) in font [lmmono10-regular]:!
Missing character: There is no 的 (U+7684) in font [lmmono10-regular]:!
Missing character: There is no 次 (U+6B21) in font [lmmono10-regular]:!
Missing character: There is no 數 (U+6578) in font [lmmono10-regular]:!
Missing character: There is no 總 (U+7E3D) in font [lmmono10-regular]:!
Missing character: There is no 人 (U+4EBA) in font [lmmono10-regular]:!
Missing character: There is no 數 (U+6578) in font [lmmono10-regular]:!
Missing character: There is no （ (U+FF08) in font [lmmono10-regular]:!
Missing character: There is no 即 (U+5373) in font [lmmono10-regular]:!
Missing character: There is no 總 (U+7E3D) in font [lmmono10-regular]:!
Missing character: There is no 的 (U+7684) in font [lmmono10-regular]:!
Missing character: There is no 出 (U+51FA) in font [lmmono10-regular]:!
Missing character: There is no 現 (U+73FE) in font [lmmono10-regular]:!
Missing character: There is no 次 (U+6B21) in font [lmmono10-regular]:!
Missing character: There is no 數 (U+6578) in font [lmmono10-regular]:!
Missing character: There is no ） (U+FF09) in font [lmmono10-regular]:!
Missing character: There is no 計 (U+8A08) in font [lmmono10-regular]:!
Missing character: There is no 算 (U+7B97) in font [lmmono10-regular]:!
Missing character: There is no 每 (U+6BCF) in font [lmmono10-regular]:!
Missing character: There is no 個 (U+500B) in font [lmmono10-regular]:!
Missing character: There is no 值 (U+503C) in font [lmmono10-regular]:!
Missing character: There is no 的 (U+7684) in font [lmmono10-regular]:!
Missing character: There is no 百 (U+767E) in font [lmmono10-regular]:!
Missing character: There is no 分 (U+5206) in font [lmmono10-regular]:!
Missing character: There is no 比 (U+6BD4) in font [lmmono10-regular]:!
Missing character: There is no 顯 (U+986F) in font [lmmono10-regular]:!
Missing character: There is no 示 (U+793A) in font [lmmono10-regular]:!
Missing character: There is no 結 (U+7D50) in font [lmmono10-regular]:!
Missing character: There is no 果 (U+679C) in font [lmmono10-regular]:!
Missing character: There is no 號 (U+865F) in font [lmmono10-regular]:!
Missing character: There is no 號 (U+865F) in font [lmmono10-regular]:!
Missing character: There is no 號 (U+865F) in font [lmmono10-regular]:!
Missing character: There is no 號 (U+865F) in font [lmmono10-regular]:!
Missing character: There is no 號 (U+865F) in font [lmmono10-regular]:!
Missing character: There is no 號 (U+865F) in font [lmmono10-regular]:!
Missing character: There is no 號 (U+865F) in font [lmmono10-regular]:!
Missing character: There is no 號 (U+865F) in font [lmmono10-regular]:!
Missing character: There is no 號 (U+865F) in font [lmmono10-regular]:!
Missing character: There is no 號 (U+865F) in font [lmmono10-regular]:!
Missing character: There is no 繪 (U+7E6A) in font [lmmono10-regular]:!
Missing character: There is no 製 (U+88FD) in font [lmmono10-regular]:!
Missing character: There is no 百 (U+767E) in font [lmmono10-regular]:!
Missing character: There is no 分 (U+5206) in font [lmmono10-regular]:!
Missing character: There is no 比 (U+6BD4) in font [lmmono10-regular]:!
Missing character: There is no 長 (U+9577) in font [lmmono10-regular]:!
Missing character: There is no 條 (U+689D) in font [lmmono10-regular]:!
Missing character: There is no 圖 (U+5716) in font [lmmono10-regular]:!
Missing character: There is no 處 (U+8655) in font [lmmono10-regular]:!
Missing character: There is no 理 (U+7406) in font [lmmono10-regular]:!
Missing character: There is no 支 (U+652F) in font [lmmono10-regular]:!
Missing character: There is no 持 (U+6301) in font [lmmono10-regular]:!
Missing character: There is no 度 (U+5EA6) in font [lmmono10-regular]:!
Missing character: There is no （ (U+FF08) in font [lmmono10-regular]:!
Missing character: There is no ） (U+FF09) in font [lmmono10-regular]:!
Missing character: There is no 計 (U+8A08) in font [lmmono10-regular]:!
Missing character: There is no 算 (U+7B97) in font [lmmono10-regular]:!
Missing character: There is no 每 (U+6BCF) in font [lmmono10-regular]:!
Missing character: There is no 位 (U+4F4D) in font [lmmono10-regular]:!
Missing character: There is no 候 (U+5019) in font [lmmono10-regular]:!
Missing character: There is no 選 (U+9078) in font [lmmono10-regular]:!
Missing character: There is no 人 (U+4EBA) in font [lmmono10-regular]:!
Missing character: There is no 的 (U+7684) in font [lmmono10-regular]:!
Missing character: There is no 支 (U+652F) in font [lmmono10-regular]:!
Missing character: There is no 持 (U+6301) in font [lmmono10-regular]:!
Missing character: There is no 者 (U+8005) in font [lmmono10-regular]:!
Missing character: There is no 數 (U+6578) in font [lmmono10-regular]:!
Missing character: There is no 量 (U+91CF) in font [lmmono10-regular]:!
Missing character: There is no 各 (U+5404) in font [lmmono10-regular]:!
Missing character: There is no 候 (U+5019) in font [lmmono10-regular]:!
Missing character: There is no 選 (U+9078) in font [lmmono10-regular]:!
Missing character: There is no 人 (U+4EBA) in font [lmmono10-regular]:!
Missing character: There is no 的 (U+7684) in font [lmmono10-regular]:!
Missing character: There is no 支 (U+652F) in font [lmmono10-regular]:!
Missing character: There is no 持 (U+6301) in font [lmmono10-regular]:!
Missing character: There is no 者 (U+8005) in font [lmmono10-regular]:!
Missing character: There is no 數 (U+6578) in font [lmmono10-regular]:!
Missing character: There is no 量 (U+91CF) in font [lmmono10-regular]:!
Missing character: There is no ： (U+FF1A) in font [lmmono10-regular]:!
Missing character: There is no 過 (U+904E) in font [lmmono10-regular]:!
Missing character: There is no 濾 (U+6FFE) in font [lmmono10-regular]:!
Missing character: There is no 出 (U+51FA) in font [lmmono10-regular]:!
Missing character: There is no 到 (U+5230) in font [lmmono10-regular]:!
Missing character: There is no 號 (U+865F) in font [lmmono10-regular]:!
Missing character: There is no 的 (U+7684) in font [lmmono10-regular]:!
Missing character: There is no 候 (U+5019) in font [lmmono10-regular]:!
Missing character: There is no 選 (U+9078) in font [lmmono10-regular]:!
Missing character: There is no 人 (U+4EBA) in font [lmmono10-regular]:!
Missing character: There is no ， (U+FF0C) in font [lmmono10-regular]:!
Missing character: There is no 用 (U+7528) in font [lmmono10-regular]:!
Missing character: There is no 於 (U+65BC) in font [lmmono10-regular]:!
Missing character: There is no 繪 (U+7E6A) in font [lmmono10-regular]:!
Missing character: There is no 製 (U+88FD) in font [lmmono10-regular]:!
Missing character: There is no 長 (U+9577) in font [lmmono10-regular]:!
Missing character: There is no 條 (U+689D) in font [lmmono10-regular]:!
Missing character: There is no 圖 (U+5716) in font [lmmono10-regular]:!
Missing character: There is no 顯 (U+986F) in font [lmmono10-regular]:!
Missing character: There is no 示 (U+793A) in font [lmmono10-regular]:!
Missing character: There is no 到 (U+5230) in font [lmmono10-regular]:!
Missing character: There is no 號 (U+865F) in font [lmmono10-regular]:!
Missing character: There is no 候 (U+5019) in font [lmmono10-regular]:!
Missing character: There is no 選 (U+9078) in font [lmmono10-regular]:!
Missing character: There is no 人 (U+4EBA) in font [lmmono10-regular]:!
Missing character: There is no 的 (U+7684) in font [lmmono10-regular]:!
Missing character: There is no 百 (U+767E) in font [lmmono10-regular]:!
Missing character: There is no 分 (U+5206) in font [lmmono10-regular]:!
Missing character: There is no 比 (U+6BD4) in font [lmmono10-regular]:!
Missing character: There is no 結 (U+7D50) in font [lmmono10-regular]:!
Missing character: There is no 果 (U+679C) in font [lmmono10-regular]:!

Underfull \vbox (badness 10000) detected at line 372
 []



[2]
Missing character: There is no 繪 (U+7E6A) in font [lmmono10-regular]:!
Missing character: There is no 製 (U+88FD) in font [lmmono10-regular]:!
Missing character: There is no 到 (U+5230) in font [lmmono10-regular]:!
Missing character: There is no 號 (U+865F) in font [lmmono10-regular]:!
Missing character: There is no 候 (U+5019) in font [lmmono10-regular]:!
Missing character: There is no 選 (U+9078) in font [lmmono10-regular]:!
Missing character: There is no 人 (U+4EBA) in font [lmmono10-regular]:!
Missing character: There is no 的 (U+7684) in font [lmmono10-regular]:!
Missing character: There is no 支 (U+652F) in font [lmmono10-regular]:!
Missing character: There is no 持 (U+6301) in font [lmmono10-regular]:!
Missing character: There is no 百 (U+767E) in font [lmmono10-regular]:!
Missing character: There is no 分 (U+5206) in font [lmmono10-regular]:!
Missing character: There is no 比 (U+6BD4) in font [lmmono10-regular]:!
Missing character: There is no 長 (U+9577) in font [lmmono10-regular]:!
Missing character: There is no 條 (U+689D) in font [lmmono10-regular]:!
Missing character: There is no 圖 (U+5716) in font [lmmono10-regular]:!
Missing character: There is no 合 (U+5408) in font [lmmono10-regular]:!
Missing character: There is no 併 (U+4F75) in font [lmmono10-regular]:!
Missing character: There is no 知 (U+77E5) in font [lmmono10-regular]:!
Missing character: There is no 名 (U+540D) in font [lmmono10-regular]:!
Missing character: There is no 度 (U+5EA6) in font [lmmono10-regular]:!
Missing character: There is no 與 (U+8207) in font [lmmono10-regular]:!
Missing character: There is no 支 (U+652F) in font [lmmono10-regular]:!
Missing character: There is no 持 (U+6301) in font [lmmono10-regular]:!
Missing character: There is no 度 (U+5EA6) in font [lmmono10-regular]:!
Missing character: There is no 數 (U+6578) in font [lmmono10-regular]:!
Missing character: There is no 據 (U+64DA) in font [lmmono10-regular]:!
Missing character: There is no 框 (U+6846) in font [lmmono10-regular]:!
Missing character: There is no 重 (U+91CD) in font [lmmono10-regular]:!
Missing character: There is no 塑 (U+5851) in font [lmmono10-regular]:!
Missing character: There is no 資 (U+8CC7) in font [lmmono10-regular]:!
Missing character: There is no 料 (U+6599) in font [lmmono10-regular]:!
Missing character: There is no 框 (U+6846) in font [lmmono10-regular]:!
Missing character: There is no 方 (U+65B9) in font [lmmono10-regular]:!
Missing character: There is no 便 (U+4FBF) in font [lmmono10-regular]:!
Missing character: There is no 繪 (U+7E6A) in font [lmmono10-regular]:!
Missing character: There is no 圖 (U+5716) in font [lmmono10-regular]:!
Missing character: There is no 繪 (U+7E6A) in font [lmmono10-regular]:!
Missing character: There is no 製 (U+88FD) in font [lmmono10-regular]:!
Missing character: There is no 合 (U+5408) in font [lmmono10-regular]:!
Missing character: There is no 併 (U+4F75) in font [lmmono10-regular]:!
Missing character: There is no 後 (U+5F8C) in font [lmmono10-regular]:!
Missing character: There is no 的 (U+7684) in font [lmmono10-regular]:!
Missing character: There is no 長 (U+9577) in font [lmmono10-regular]:!
Missing character: There is no 條 (U+689D) in font [lmmono10-regular]:!
Missing character: There is no 圖 (U+5716) in font [lmmono10-regular]:!


[3]
File: 統計諮詢hw4_files/figure-pdf/unnamed-chunk-6-1.pdf Graphic file (type pdf)
<use 統計諮詢hw4_files/figure-pdf/unnamed-chunk-6-1.pdf>
Missing character: There is no 號 (U+865F) in font [lmmono10-regular]:!
Missing character: There is no 候 (U+5019) in font [lmmono10-regular]:!
Missing character: There is no 選 (U+9078) in font [lmmono10-regular]:!
Missing character: There is no 人 (U+4EBA) in font [lmmono10-regular]:!
Missing character: There is no 在 (U+5728) in font [lmmono10-regular]:!
Missing character: There is no 不 (U+4E0D) in font [lmmono10-regular]:!
Missing character: There is no 同 (U+540C) in font [lmmono10-regular]:!
Missing character: There is no 區 (U+5340) in font [lmmono10-regular]:!
Missing character: There is no 域 (U+57DF) in font [lmmono10-regular]:!
Missing character: There is no 的 (U+7684) in font [lmmono10-regular]:!
Missing character: There is no 支 (U+652F) in font [lmmono10-regular]:!
Missing character: There is no 持 (U+6301) in font [lmmono10-regular]:!
Missing character: There is no 者 (U+8005) in font [lmmono10-regular]:!
Missing character: There is no 分 (U+5206) in font [lmmono10-regular]:!
Missing character: There is no 佈 (U+4F48) in font [lmmono10-regular]:!
Missing character: There is no 號 (U+865F) in font [lmmono10-regular]:!
Missing character: There is no 候 (U+5019) in font [lmmono10-regular]:!
Missing character: There is no 選 (U+9078) in font [lmmono10-regular]:!
Missing character: There is no 人 (U+4EBA) in font [lmmono10-regular]:!
Missing character: There is no 的 (U+7684) in font [lmmono10-regular]:!
Missing character: There is no 區 (U+5340) in font [lmmono10-regular]:!
Missing character: There is no 域 (U+57DF) in font [lmmono10-regular]:!
Missing character: There is no 支 (U+652F) in font [lmmono10-regular]:!
Missing character: There is no 持 (U+6301) in font [lmmono10-regular]:!
Missing character: There is no 分 (U+5206) in font [lmmono10-regular]:!
Missing character: There is no 佈 (U+4F48) in font [lmmono10-regular]:!
Missing character: There is no ： (U+FF1A) in font [lmmono10-regular]:!
Missing character: There is no 北 (U+5317) in font [lmmono10-regular]:!
Missing character: There is no 區 (U+5340) in font [lmmono10-regular]:!
Missing character: There is no 中 (U+4E2D) in font [lmmono10-regular]:!
Missing character: There is no 西 (U+897F) in font [lmmono10-regular]:!
Missing character: There is no 區 (U+5340) in font [lmmono10-regular]:!


[4]
Missing character: There is no 計 (U+8A08) in font [lmmono10-regular]:!
Missing character: There is no 算 (U+7B97) in font [lmmono10-regular]:!
Missing character: There is no 支 (U+652F) in font [lmmono10-regular]:!
Missing character: There is no 持 (U+6301) in font [lmmono10-regular]:!
Missing character: There is no 者 (U+8005) in font [lmmono10-regular]:!
Missing character: There is no 的 (U+7684) in font [lmmono10-regular]:!
Missing character: There is no 百 (U+767E) in font [lmmono10-regular]:!
Missing character: There is no 分 (U+5206) in font [lmmono10-regular]:!
Missing character: There is no 比 (U+6BD4) in font [lmmono10-regular]:!
Missing character: There is no 繪 (U+7E6A) in font [lmmono10-regular]:!
Missing character: There is no 製 (U+88FD) in font [lmmono10-regular]:!
Missing character: There is no 圓 (U+5713) in font [lmmono10-regular]:!
Missing character: There is no 餅 (U+9905) in font [lmmono10-regular]:!
Missing character: There is no 圖 (U+5716) in font [lmmono10-regular]:!
Missing character: There is no 顯 (U+986F) in font [lmmono10-regular]:!
Missing character: There is no 示 (U+793A) in font [lmmono10-regular]:!
Missing character: There is no 每 (U+6BCF) in font [lmmono10-regular]:!
Missing character: There is no 個 (U+500B) in font [lmmono10-regular]:!
Missing character: There is no 區 (U+5340) in font [lmmono10-regular]:!
Missing character: There is no 域 (U+57DF) in font [lmmono10-regular]:!
Missing character: There is no 支 (U+652F) in font [lmmono10-regular]:!
Missing character: There is no 持 (U+6301) in font [lmmono10-regular]:!
Missing character: There is no 者 (U+8005) in font [lmmono10-regular]:!
Missing character: There is no 的 (U+7684) in font [lmmono10-regular]:!
Missing character: There is no 比 (U+6BD4) in font [lmmono10-regular]:!
Missing character: There is no 例 (U+4F8B) in font [lmmono10-regular]:!
Missing character: There is no 在 (U+5728) in font [lmmono10-regular]:!
Missing character: There is no 每 (U+6BCF) in font [lmmono10-regular]:!
Missing character: There is no 塊 (U+584A) in font [lmmono10-regular]:!
Missing character: There is no 圓 (U+5713) in font [lmmono10-regular]:!
Missing character: There is no 心 (U+5FC3) in font [lmmono10-regular]:!
Missing character: There is no 位 (U+4F4D) in font [lmmono10-regular]:!
Missing character: There is no 置 (U+7F6E) in font [lmmono10-regular]:!
Missing character: There is no 顯 (U+986F) in font [lmmono10-regular]:!
Missing character: There is no 示 (U+793A) in font [lmmono10-regular]:!
Missing character: There is no 百 (U+767E) in font [lmmono10-regular]:!
Missing character: There is no 分 (U+5206) in font [lmmono10-regular]:!
Missing character: There is no 比 (U+6BD4) in font [lmmono10-regular]:!
Missing character: There is no 移 (U+79FB) in font [lmmono10-regular]:!
Missing character: There is no 除 (U+9664) in font [lmmono10-regular]:!
Missing character: There is no 背 (U+80CC) in font [lmmono10-regular]:!
Missing character: There is no 景 (U+666F) in font [lmmono10-regular]:!
Missing character: There is no 和 (U+548C) in font [lmmono10-regular]:!
Missing character: There is no 座 (U+5EA7) in font [lmmono10-regular]:!
Missing character: There is no 標 (U+6A19) in font [lmmono10-regular]:!
Missing character: There is no 軸 (U+8EF8) in font [lmmono10-regular]:!
File: 統計諮詢hw4_files/figure-pdf/unnamed-chunk-7-1.pdf Graphic file (type pdf)
<use 統計諮詢hw4_files/figure-pdf/unnamed-chunk-7-1.pdf>
Missing character: There is no 號 (U+865F) in font [lmmono10-regular]:!
Missing character: There is no 候 (U+5019) in font [lmmono10-regular]:!
Missing character: There is no 選 (U+9078) in font [lmmono10-regular]:!
Missing character: There is no 人 (U+4EBA) in font [lmmono10-regular]:!
Missing character: There is no 在 (U+5728) in font [lmmono10-regular]:!
Missing character: There is no 不 (U+4E0D) in font [lmmono10-regular]:!
Missing character: There is no 同 (U+540C) in font [lmmono10-regular]:!
Missing character: There is no 性 (U+6027) in font [lmmono10-regular]:!
Missing character: There is no 別 (U+5225) in font [lmmono10-regular]:!
Missing character: There is no 的 (U+7684) in font [lmmono10-regular]:!
Missing character: There is no 支 (U+652F) in font [lmmono10-regular]:!
Missing character: There is no 持 (U+6301) in font [lmmono10-regular]:!
Missing character: There is no 者 (U+8005) in font [lmmono10-regular]:!
Missing character: There is no 分 (U+5206) in font [lmmono10-regular]:!
Missing character: There is no 佈 (U+4F48) in font [lmmono10-regular]:!
Missing character: There is no 號 (U+865F) in font [lmmono10-regular]:!
Missing character: There is no 候 (U+5019) in font [lmmono10-regular]:!
Missing character: There is no 選 (U+9078) in font [lmmono10-regular]:!
Missing character: There is no 人 (U+4EBA) in font [lmmono10-regular]:!
Missing character: There is no 的 (U+7684) in font [lmmono10-regular]:!
Missing character: There is no 性 (U+6027) in font [lmmono10-regular]:!
Missing character: There is no 別 (U+5225) in font [lmmono10-regular]:!
Missing character: There is no 支 (U+652F) in font [lmmono10-regular]:!
Missing character: There is no 持 (U+6301) in font [lmmono10-regular]:!
Missing character: There is no 分 (U+5206) in font [lmmono10-regular]:!
Missing character: There is no 佈 (U+4F48) in font [lmmono10-regular]:!
Missing character: There is no ： (U+FF1A) in font [lmmono10-regular]:!
Missing character: There is no 女 (U+5973) in font [lmmono10-regular]:!
Missing character: There is no 性 (U+6027) in font [lmmono10-regular]:!
Missing character: There is no 男 (U+7537) in font [lmmono10-regular]:!
Missing character: There is no 性 (U+6027) in font [lmmono10-regular]:!
Missing character: There is no 計 (U+8A08) in font [lmmono10-regular]:!
Missing character: There is no 算 (U+7B97) in font [lmmono10-regular]:!
Missing character: There is no 百 (U+767E) in font [lmmono10-regular]:!
Missing character: There is no 分 (U+5206) in font [lmmono10-regular]:!
Missing character: There is no 比 (U+6BD4) in font [lmmono10-regular]:!
Missing character: There is no 繪 (U+7E6A) in font [lmmono10-regular]:!
Missing character: There is no 製 (U+88FD) in font [lmmono10-regular]:!
Missing character: There is no 圓 (U+5713) in font [lmmono10-regular]:!
Missing character: There is no 餅 (U+9905) in font [lmmono10-regular]:!
Missing character: There is no 圖 (U+5716) in font [lmmono10-regular]:!
Missing character: There is no 並 (U+4E26) in font [lmmono10-regular]:!
Missing character: There is no 顯 (U+986F) in font [lmmono10-regular]:!
Missing character: There is no 示 (U+793A) in font [lmmono10-regular]:!
Missing character: There is no 百 (U+767E) in font [lmmono10-regular]:!
Missing character: There is no 分 (U+5206) in font [lmmono10-regular]:!
Missing character: There is no 比 (U+6BD4) in font [lmmono10-regular]:!
Missing character: There is no 在 (U+5728) in font [lmmono10-regular]:!
Missing character: There is no 每 (U+6BCF) in font [lmmono10-regular]:!
Missing character: There is no 塊 (U+584A) in font [lmmono10-regular]:!
Missing character: There is no 圓 (U+5713) in font [lmmono10-regular]:!
Missing character: There is no 心 (U+5FC3) in font [lmmono10-regular]:!
Missing character: There is no 位 (U+4F4D) in font [lmmono10-regular]:!
Missing character: There is no 置 (U+7F6E) in font [lmmono10-regular]:!
Missing character: There is no 顯 (U+986F) in font [lmmono10-regular]:!
Missing character: There is no 示 (U+793A) in font [lmmono10-regular]:!
Missing character: There is no 百 (U+767E) in font [lmmono10-regular]:!
Missing character: There is no 分 (U+5206) in font [lmmono10-regular]:!
Missing character: There is no 比 (U+6BD4) in font [lmmono10-regular]:!
Missing character: There is no 移 (U+79FB) in font [lmmono10-regular]:!
Missing character: There is no 除 (U+9664) in font [lmmono10-regular]:!
Missing character: There is no 背 (U+80CC) in font [lmmono10-regular]:!
Missing character: There is no 景 (U+666F) in font [lmmono10-regular]:!
Missing character: There is no 和 (U+548C) in font [lmmono10-regular]:!
Missing character: There is no 座 (U+5EA7) in font [lmmono10-regular]:!
Missing character: There is no 標 (U+6A19) in font [lmmono10-regular]:!
Missing character: There is no 軸 (U+8EF8) in font [lmmono10-regular]:!


[5]
File: 統計諮詢hw4_files/figure-pdf/unnamed-chunk-8-1.pdf Graphic file (type pdf)
<use 統計諮詢hw4_files/figure-pdf/unnamed-chunk-8-1.pdf>
Missing character: There is no 號 (U+865F) in font [lmmono10-regular]:!
Missing character: There is no 候 (U+5019) in font [lmmono10-regular]:!
Missing character: There is no 選 (U+9078) in font [lmmono10-regular]:!
Missing character: There is no 人 (U+4EBA) in font [lmmono10-regular]:!
Missing character: There is no 在 (U+5728) in font [lmmono10-regular]:!
Missing character: There is no 不 (U+4E0D) in font [lmmono10-regular]:!
Missing character: There is no 同 (U+540C) in font [lmmono10-regular]:!
Missing character: There is no 年 (U+5E74) in font [lmmono10-regular]:!
Missing character: There is no 齡 (U+9F61) in font [lmmono10-regular]:!
Missing character: There is no 段 (U+6BB5) in font [lmmono10-regular]:!
Missing character: There is no 的 (U+7684) in font [lmmono10-regular]:!
Missing character: There is no 支 (U+652F) in font [lmmono10-regular]:!
Missing character: There is no 持 (U+6301) in font [lmmono10-regular]:!
Missing character: There is no 者 (U+8005) in font [lmmono10-regular]:!
Missing character: There is no 分 (U+5206) in font [lmmono10-regular]:!
Missing character: There is no 佈 (U+4F48) in font [lmmono10-regular]:!
Missing character: There is no 號 (U+865F) in font [lmmono10-regular]:!
Missing character: There is no 候 (U+5019) in font [lmmono10-regular]:!
Missing character: There is no 選 (U+9078) in font [lmmono10-regular]:!
Missing character: There is no 人 (U+4EBA) in font [lmmono10-regular]:!
Missing character: There is no 的 (U+7684) in font [lmmono10-regular]:!
Missing character: There is no 年 (U+5E74) in font [lmmono10-regular]:!
Missing character: There is no 齡 (U+9F61) in font [lmmono10-regular]:!
Missing character: There is no 支 (U+652F) in font [lmmono10-regular]:!
Missing character: There is no 持 (U+6301) in font [lmmono10-regular]:!
Missing character: There is no 分 (U+5206) in font [lmmono10-regular]:!
Missing character: There is no 佈 (U+4F48) in font [lmmono10-regular]:!
Missing character: There is no ： (U+FF1A) in font [lmmono10-regular]:!
Missing character: There is no 歲 (U+6B72) in font [lmmono10-regular]:!
Missing character: There is no 及 (U+53CA) in font [lmmono10-regular]:!
Missing character: There is no 以 (U+4EE5) in font [lmmono10-regular]:!
Missing character: There is no 上 (U+4E0A) in font [lmmono10-regular]:!
Missing character: There is no 歲 (U+6B72) in font [lmmono10-regular]:!
Missing character: There is no 歲 (U+6B72) in font [lmmono10-regular]:!
Missing character: There is no 歲 (U+6B72) in font [lmmono10-regular]:!
Missing character: There is no 歲 (U+6B72) in font [lmmono10-regular]:!


[6]
Missing character: There is no 繪 (U+7E6A) in font [lmmono10-regular]:!
Missing character: There is no 製 (U+88FD) in font [lmmono10-regular]:!
Missing character: There is no 長 (U+9577) in font [lmmono10-regular]:!
Missing character: There is no 條 (U+689D) in font [lmmono10-regular]:!
Missing character: There is no 圖 (U+5716) in font [lmmono10-regular]:!
Missing character: There is no 使 (U+4F7F) in font [lmmono10-regular]:!
Missing character: There is no 用 (U+7528) in font [lmmono10-regular]:!
Missing character: There is no 來 (U+4F86) in font [lmmono10-regular]:!
Missing character: There is no 指 (U+6307) in font [lmmono10-regular]:!
Missing character: There is no 定 (U+5B9A) in font [lmmono10-regular]:!
Missing character: There is no 為 (U+70BA) in font [lmmono10-regular]:!
Missing character: There is no 變 (U+8B8A) in font [lmmono10-regular]:!
Missing character: There is no 數 (U+6578) in font [lmmono10-regular]:!
Missing character: There is no 的 (U+7684) in font [lmmono10-regular]:!
Missing character: There is no 值 (U+503C) in font [lmmono10-regular]:!
Missing character: There is no 設 (U+8A2D) in font [lmmono10-regular]:!
Missing character: There is no 定 (U+5B9A) in font [lmmono10-regular]:!
Missing character: There is no 標 (U+6A19) in font [lmmono10-regular]:!
Missing character: There is no 題 (U+984C) in font [lmmono10-regular]:!
Missing character: There is no 和 (U+548C) in font [lmmono10-regular]:!
Missing character: There is no 軸 (U+8EF8) in font [lmmono10-regular]:!
Missing character: There is no 標 (U+6A19) in font [lmmono10-regular]:!
Missing character: There is no 籤 (U+7C64) in font [lmmono10-regular]:!
Missing character: There is no 使 (U+4F7F) in font [lmmono10-regular]:!
Missing character: There is no 用 (U+7528) in font [lmmono10-regular]:!
Missing character: There is no 簡 (U+7C21) in font [lmmono10-regular]:!
Missing character: There is no 潔 (U+6F54) in font [lmmono10-regular]:!
Missing character: There is no 的 (U+7684) in font [lmmono10-regular]:!
Missing character: There is no 圖 (U+5716) in font [lmmono10-regular]:!
Missing character: There is no 表 (U+8868) in font [lmmono10-regular]:!
Missing character: There is no 主 (U+4E3B) in font [lmmono10-regular]:!
Missing character: There is no 題 (U+984C) in font [lmmono10-regular]:!
Missing character: There is no 設 (U+8A2D) in font [lmmono10-regular]:!
Missing character: There is no 定 (U+5B9A) in font [lmmono10-regular]:!
Missing character: There is no 填 (U+586B) in font [lmmono10-regular]:!
Missing character: There is no 充 (U+5145) in font [lmmono10-regular]:!
Missing character: There is no 顏 (U+984F) in font [lmmono10-regular]:!
Missing character: There is no 色 (U+8272) in font [lmmono10-regular]:!
Missing character: There is no 標 (U+6A19) in font [lmmono10-regular]:!
Missing character: There is no 籤 (U+7C64) in font [lmmono10-regular]:!
File: 統計諮詢hw4_files/figure-pdf/unnamed-chunk-9-1.pdf Graphic file (type pdf)
<use 統計諮詢hw4_files/figure-pdf/unnamed-chunk-9-1.pdf>
Missing character: There is no 排 (U+6392) in font [lmmono10-regular]:!
Missing character: There is no 除 (U+9664) in font [lmmono10-regular]:!
Missing character: There is no 值 (U+503C) in font [lmmono10-regular]:!
Missing character: There is no 為 (U+70BA) in font [lmmono10-regular]:!
Missing character: There is no 的 (U+7684) in font [lmmono10-regular]:!
Missing character: There is no 資 (U+8CC7) in font [lmmono10-regular]:!
Missing character: There is no 料 (U+6599) in font [lmmono10-regular]:!
Missing character: There is no 因 (U+56E0) in font [lmmono10-regular]:!
Missing character: There is no 為 (U+70BA) in font [lmmono10-regular]:!
Missing character: There is no 表 (U+8868) in font [lmmono10-regular]:!
Missing character: There is no 示 (U+793A) in font [lmmono10-regular]:!
Missing character: There is no 年 (U+5E74) in font [lmmono10-regular]:!
Missing character: There is no 齡 (U+9F61) in font [lmmono10-regular]:!
Missing character: There is no 層 (U+5C64) in font [lmmono10-regular]:!
Missing character: There is no 未 (U+672A) in font [lmmono10-regular]:!
Missing character: There is no 知 (U+77E5) in font [lmmono10-regular]:!
Missing character: There is no 顯 (U+986F) in font [lmmono10-regular]:!
Missing character: There is no 示 (U+793A) in font [lmmono10-regular]:!
Missing character: There is no 模 (U+6A21) in font [lmmono10-regular]:!
Missing character: There is no 型 (U+578B) in font [lmmono10-regular]:!
Missing character: There is no 摘 (U+6458) in font [lmmono10-regular]:!
Missing character: There is no 要 (U+8981) in font [lmmono10-regular]:!


[7]

[8]
LaTeX Font Info:    Font shape `TU/MicrosoftJhengHeiUI(2)/b/n' will be
(Font)              scaled to size 10.0pt on input line 671.
Missing character: There is no 繪 (U+7E6A) in font [lmmono10-regular]:!
Missing character: There is no 製 (U+88FD) in font [lmmono10-regular]:!
Missing character: There is no 預 (U+9810) in font [lmmono10-regular]:!
Missing character: There is no 測 (U+6E2C) in font [lmmono10-regular]:!
Missing character: There is no 值 (U+503C) in font [lmmono10-regular]:!
Missing character: There is no 實 (U+5BE6) in font [lmmono10-regular]:!
Missing character: There is no 際 (U+969B) in font [lmmono10-regular]:!
Missing character: There is no 值 (U+503C) in font [lmmono10-regular]:!
Missing character: There is no 圖 (U+5716) in font [lmmono10-regular]:!
Missing character: There is no 表 (U+8868) in font [lmmono10-regular]:!
Missing character: There is no 加 (U+52A0) in font [lmmono10-regular]:!
Missing character: There is no 入 (U+5165) in font [lmmono10-regular]:!
Missing character: There is no 隨 (U+96A8) in font [lmmono10-regular]:!
Missing character: There is no 機 (U+6A5F) in font [lmmono10-regular]:!
Missing character: There is no 抖 (U+6296) in font [lmmono10-regular]:!
Missing character: There is no 動 (U+52D5) in font [lmmono10-regular]:!
File: 統計諮詢hw4_files/figure-pdf/unnamed-chunk-12-1.pdf Graphic file (type pdf)
<use 統計諮詢hw4_files/figure-pdf/unnamed-chunk-12-1.pdf>


[9] (./統計諮詢hw4.aux)
 ***********
LaTeX2e <2024-06-01> patch level 2
L3 programming layer <2024-10-09>
 ***********

LaTeX Warning: Label(s) may have changed. Rerun to get cross-references right.

 ) 
Here is how much of TeX's memory you used:
 22860 strings out of 476164
 422904 string characters out of 5784567
 1029025 words of memory out of 5000000
 45123 multiletter control sequences out of 15000+600000
 564600 words of font info for 99 fonts, out of 8000000 for 9000
 36 hyphenation exceptions out of 8191
 90i,6n,131p,4186b,535s stack positions out of 10000i,1000n,20000p,200000b,200000s

Output written on 統計諮詢hw4.pdf (9 pages).
